   1               		.file	"rev1.c"
   2               	__SP_H__ = 0x3e
   3               	__SP_L__ = 0x3d
   4               	__SREG__ = 0x3f
   5               	__tmp_reg__ = 0
   6               	__zero_reg__ = 1
   7               		.text
   8               	.Ltext0:
   9               		.cfi_sections	.debug_frame
  10               		.section	.text.led_set_kb,"ax",@progbits
  11               	.global	led_set_kb
  13               	led_set_kb:
  14               	.LFB18:
  15               		.file 1 "keyboards/lily58/rev1/rev1.c"
   1:keyboards/lily58/rev1/rev1.c **** #include "lily58.h"
   2:keyboards/lily58/rev1/rev1.c **** 
   3:keyboards/lily58/rev1/rev1.c **** #ifdef SSD1306OLED
   4:keyboards/lily58/rev1/rev1.c **** void led_set_kb(uint8_t usb_led) {
  16               		.loc 1 4 0
  17               		.cfi_startproc
  18               	.LVL0:
  19               	/* prologue: function */
  20               	/* frame size = 0 */
  21               	/* stack size = 0 */
  22               	.L__stack_usage = 0
  23 0000 0895      		ret
  24               		.cfi_endproc
  25               	.LFE18:
  27               		.text
  28               	.Letext0:
  29               		.file 2 "tmk_core/common/report.h"
  30               		.file 3 "/usr/lib/avr/include/stdint.h"
  31               		.file 4 "tmk_core/common/action_util.h"
DEFINED SYMBOLS
                            *ABS*:0000000000000000 rev1.c
     /tmp/ccqRW2Tz.s:2      *ABS*:000000000000003e __SP_H__
     /tmp/ccqRW2Tz.s:3      *ABS*:000000000000003d __SP_L__
     /tmp/ccqRW2Tz.s:4      *ABS*:000000000000003f __SREG__
     /tmp/ccqRW2Tz.s:5      *ABS*:0000000000000000 __tmp_reg__
     /tmp/ccqRW2Tz.s:6      *ABS*:0000000000000001 __zero_reg__
     /tmp/ccqRW2Tz.s:13     .text.led_set_kb:0000000000000000 led_set_kb

NO UNDEFINED SYMBOLS
