   1               		.file	"bootloader.c"
   2               	__SP_H__ = 0x3e
   3               	__SP_L__ = 0x3d
   4               	__SREG__ = 0x3f
   5               	__tmp_reg__ = 0
   6               	__zero_reg__ = 1
   7               		.text
   8               	.Ltext0:
   9               		.cfi_sections	.debug_frame
  10               		.section	.text.bootloader_jump,"ax",@progbits
  11               	.global	bootloader_jump
  13               	bootloader_jump:
  14               	.LFB102:
  15               		.file 1 "tmk_core/common/avr/bootloader.c"
   1:tmk_core/common/avr/bootloader.c **** #include <stdint.h>
   2:tmk_core/common/avr/bootloader.c **** #include <stdbool.h>
   3:tmk_core/common/avr/bootloader.c **** #include <avr/io.h>
   4:tmk_core/common/avr/bootloader.c **** #include <avr/eeprom.h>
   5:tmk_core/common/avr/bootloader.c **** #include <avr/interrupt.h>
   6:tmk_core/common/avr/bootloader.c **** #include <avr/wdt.h>
   7:tmk_core/common/avr/bootloader.c **** #include <util/delay.h>
   8:tmk_core/common/avr/bootloader.c **** #include "bootloader.h"
   9:tmk_core/common/avr/bootloader.c **** #include <avr/boot.h>
  10:tmk_core/common/avr/bootloader.c **** 
  11:tmk_core/common/avr/bootloader.c **** #ifdef PROTOCOL_LUFA
  12:tmk_core/common/avr/bootloader.c **** #include <LUFA/Drivers/USB/USB.h>
  13:tmk_core/common/avr/bootloader.c **** #endif
  14:tmk_core/common/avr/bootloader.c **** 
  15:tmk_core/common/avr/bootloader.c **** 
  16:tmk_core/common/avr/bootloader.c **** /** \brief Bootloader Size in *bytes*
  17:tmk_core/common/avr/bootloader.c ****  *
  18:tmk_core/common/avr/bootloader.c ****  * AVR Boot section size are defined by setting BOOTSZ fuse in fact. Consult with your MCU datashee
  19:tmk_core/common/avr/bootloader.c ****  * Note that 'Word'(2 bytes) size and address are used in datasheet while TMK uses 'Byte'.
  20:tmk_core/common/avr/bootloader.c ****  *
  21:tmk_core/common/avr/bootloader.c ****  * Size of Bootloaders in bytes:
  22:tmk_core/common/avr/bootloader.c ****  *   Atmel DFU loader(ATmega32U4)   4096
  23:tmk_core/common/avr/bootloader.c ****  *   Atmel DFU loader(AT90USB128)   8192
  24:tmk_core/common/avr/bootloader.c ****  *   LUFA bootloader(ATmega32U4)    4096
  25:tmk_core/common/avr/bootloader.c ****  *   Arduino Caterina(ATmega32U4)   4096
  26:tmk_core/common/avr/bootloader.c ****  *   USBaspLoader(ATmega***)        2048
  27:tmk_core/common/avr/bootloader.c ****  *   Teensy   halfKay(ATmega32U4)   512
  28:tmk_core/common/avr/bootloader.c ****  *   Teensy++ halfKay(AT90USB128)   1024
  29:tmk_core/common/avr/bootloader.c ****  *
  30:tmk_core/common/avr/bootloader.c ****  * AVR Boot section is located at the end of Flash memory like the followings.
  31:tmk_core/common/avr/bootloader.c ****  *
  32:tmk_core/common/avr/bootloader.c ****  * byte     Atmel/LUFA(ATMega32u4)          byte     Atmel(AT90SUB128)
  33:tmk_core/common/avr/bootloader.c ****  * 0x0000   +---------------+               0x00000  +---------------+
  34:tmk_core/common/avr/bootloader.c ****  *          |               |                        |               |
  35:tmk_core/common/avr/bootloader.c ****  *          |               |                        |               |
  36:tmk_core/common/avr/bootloader.c ****  *          |  Application  |                        |  Application  |
  37:tmk_core/common/avr/bootloader.c ****  *          |               |                        |               |
  38:tmk_core/common/avr/bootloader.c ****  *          =               =                        =               =
  39:tmk_core/common/avr/bootloader.c ****  *          |               | 32KB-4KB               |               | 128KB-8KB
  40:tmk_core/common/avr/bootloader.c ****  * 0x7000   +---------------+               0x1E000  +---------------+
  41:tmk_core/common/avr/bootloader.c ****  *          |  Bootloader   | 4KB                    |  Bootloader   | 8KB
  42:tmk_core/common/avr/bootloader.c ****  * 0x7FFF   +---------------+               0x1FFFF  +---------------+
  43:tmk_core/common/avr/bootloader.c ****  *
  44:tmk_core/common/avr/bootloader.c ****  *
  45:tmk_core/common/avr/bootloader.c ****  * byte     Teensy(ATMega32u4)              byte     Teensy++(AT90SUB128)
  46:tmk_core/common/avr/bootloader.c ****  * 0x0000   +---------------+               0x00000  +---------------+
  47:tmk_core/common/avr/bootloader.c ****  *          |               |                        |               |
  48:tmk_core/common/avr/bootloader.c ****  *          |               |                        |               |
  49:tmk_core/common/avr/bootloader.c ****  *          |  Application  |                        |  Application  |
  50:tmk_core/common/avr/bootloader.c ****  *          |               |                        |               |
  51:tmk_core/common/avr/bootloader.c ****  *          =               =                        =               =
  52:tmk_core/common/avr/bootloader.c ****  *          |               | 32KB-512B              |               | 128KB-1KB
  53:tmk_core/common/avr/bootloader.c ****  * 0x7E00   +---------------+               0x1FC00  +---------------+
  54:tmk_core/common/avr/bootloader.c ****  *          |  Bootloader   | 512B                   |  Bootloader   | 1KB
  55:tmk_core/common/avr/bootloader.c ****  * 0x7FFF   +---------------+               0x1FFFF  +---------------+
  56:tmk_core/common/avr/bootloader.c ****  */
  57:tmk_core/common/avr/bootloader.c **** #define FLASH_SIZE (FLASHEND + 1L)
  58:tmk_core/common/avr/bootloader.c **** 
  59:tmk_core/common/avr/bootloader.c **** #if !defined(BOOTLOADER_SIZE)
  60:tmk_core/common/avr/bootloader.c ****     uint16_t bootloader_start;
  61:tmk_core/common/avr/bootloader.c **** #endif
  62:tmk_core/common/avr/bootloader.c **** 
  63:tmk_core/common/avr/bootloader.c **** #define BOOT_SIZE_256  0b110
  64:tmk_core/common/avr/bootloader.c **** #define BOOT_SIZE_512  0b100
  65:tmk_core/common/avr/bootloader.c **** #define BOOT_SIZE_1024 0b010
  66:tmk_core/common/avr/bootloader.c **** #define BOOT_SIZE_2048 0b000
  67:tmk_core/common/avr/bootloader.c **** 
  68:tmk_core/common/avr/bootloader.c **** /** \brief Entering the Bootloader via Software
  69:tmk_core/common/avr/bootloader.c ****  *
  70:tmk_core/common/avr/bootloader.c ****  * http://www.fourwalledcubicle.com/files/LUFA/Doc/120730/html/_page__software_bootloader_start.htm
  71:tmk_core/common/avr/bootloader.c ****  */
  72:tmk_core/common/avr/bootloader.c **** #define BOOTLOADER_RESET_KEY 0xB007B007
  73:tmk_core/common/avr/bootloader.c **** uint32_t reset_key  __attribute__ ((section (".noinit")));
  74:tmk_core/common/avr/bootloader.c **** 
  75:tmk_core/common/avr/bootloader.c **** /** \brief initialize MCU status by watchdog reset
  76:tmk_core/common/avr/bootloader.c ****  *
  77:tmk_core/common/avr/bootloader.c ****  * FIXME: needs doc
  78:tmk_core/common/avr/bootloader.c ****  */
  79:tmk_core/common/avr/bootloader.c **** void bootloader_jump(void) {
  16               		.loc 1 79 0
  17               		.cfi_startproc
  18               	/* prologue: function */
  19               	/* frame size = 0 */
  20               	/* stack size = 0 */
  21               	.L__stack_usage = 0
  22               	.LVL0:
  80:tmk_core/common/avr/bootloader.c **** 
  81:tmk_core/common/avr/bootloader.c ****     #if !defined(BOOTLOADER_SIZE)
  82:tmk_core/common/avr/bootloader.c ****         uint8_t high_fuse = boot_lock_fuse_bits_get(GET_HIGH_FUSE_BITS);
  83:tmk_core/common/avr/bootloader.c **** 
  84:tmk_core/common/avr/bootloader.c ****         if (high_fuse & BOOT_SIZE_256) {
  85:tmk_core/common/avr/bootloader.c ****             bootloader_start = (FLASH_SIZE - 512) >> 1;
  86:tmk_core/common/avr/bootloader.c ****         } else if (high_fuse & BOOT_SIZE_512) {
  87:tmk_core/common/avr/bootloader.c ****             bootloader_start = (FLASH_SIZE - 1024) >> 1;
  88:tmk_core/common/avr/bootloader.c ****         } else if (high_fuse & BOOT_SIZE_1024) {
  89:tmk_core/common/avr/bootloader.c ****             bootloader_start = (FLASH_SIZE - 2048) >> 1;
  90:tmk_core/common/avr/bootloader.c ****         } else {
  91:tmk_core/common/avr/bootloader.c ****             bootloader_start = (FLASH_SIZE - 4096) >> 1;
  92:tmk_core/common/avr/bootloader.c ****         }
  93:tmk_core/common/avr/bootloader.c ****     #endif
  94:tmk_core/common/avr/bootloader.c **** 
  95:tmk_core/common/avr/bootloader.c ****     // Something like this might work, but it compiled larger than the block above
  96:tmk_core/common/avr/bootloader.c ****     // bootloader_start = FLASH_SIZE - (256 << (~high_fuse & 0b110 >> 1));
  97:tmk_core/common/avr/bootloader.c **** 
  98:tmk_core/common/avr/bootloader.c **** 
  99:tmk_core/common/avr/bootloader.c ****     #if defined(BOOTLOADER_HALFKAY)
 100:tmk_core/common/avr/bootloader.c ****         //  http://www.pjrc.com/teensy/jump_to_bootloader.html
 101:tmk_core/common/avr/bootloader.c ****         cli();
 102:tmk_core/common/avr/bootloader.c ****         // disable watchdog, if enabled (it's not)
 103:tmk_core/common/avr/bootloader.c ****         // disable all peripherals
 104:tmk_core/common/avr/bootloader.c ****         // a shutdown call might make sense here
 105:tmk_core/common/avr/bootloader.c ****         UDCON = 1;
 106:tmk_core/common/avr/bootloader.c ****         USBCON = (1<<FRZCLK);  // disable USB
 107:tmk_core/common/avr/bootloader.c ****         UCSR1B = 0;
 108:tmk_core/common/avr/bootloader.c ****         _delay_ms(5);
 109:tmk_core/common/avr/bootloader.c ****         #if defined(__AVR_AT90USB162__)                // Teensy 1.0
 110:tmk_core/common/avr/bootloader.c ****             EIMSK = 0; PCICR = 0; SPCR = 0; ACSR = 0; EECR = 0;
 111:tmk_core/common/avr/bootloader.c ****             TIMSK0 = 0; TIMSK1 = 0; UCSR1B = 0;
 112:tmk_core/common/avr/bootloader.c ****             DDRB = 0; DDRC = 0; DDRD = 0;
 113:tmk_core/common/avr/bootloader.c ****             PORTB = 0; PORTC = 0; PORTD = 0;
 114:tmk_core/common/avr/bootloader.c ****             asm volatile("jmp 0x3E00");
 115:tmk_core/common/avr/bootloader.c ****         #elif defined(__AVR_ATmega32U4__)              // Teensy 2.0
 116:tmk_core/common/avr/bootloader.c ****             EIMSK = 0; PCICR = 0; SPCR = 0; ACSR = 0; EECR = 0; ADCSRA = 0;
 117:tmk_core/common/avr/bootloader.c ****             TIMSK0 = 0; TIMSK1 = 0; TIMSK3 = 0; TIMSK4 = 0; UCSR1B = 0; TWCR = 0;
 118:tmk_core/common/avr/bootloader.c ****             DDRB = 0; DDRC = 0; DDRD = 0; DDRE = 0; DDRF = 0; TWCR = 0;
 119:tmk_core/common/avr/bootloader.c ****             PORTB = 0; PORTC = 0; PORTD = 0; PORTE = 0; PORTF = 0;
 120:tmk_core/common/avr/bootloader.c ****             asm volatile("jmp 0x7E00");
 121:tmk_core/common/avr/bootloader.c ****         #elif defined(__AVR_AT90USB646__)              // Teensy++ 1.0
 122:tmk_core/common/avr/bootloader.c ****             EIMSK = 0; PCICR = 0; SPCR = 0; ACSR = 0; EECR = 0; ADCSRA = 0;
 123:tmk_core/common/avr/bootloader.c ****             TIMSK0 = 0; TIMSK1 = 0; TIMSK2 = 0; TIMSK3 = 0; UCSR1B = 0; TWCR = 0;
 124:tmk_core/common/avr/bootloader.c ****             DDRA = 0; DDRB = 0; DDRC = 0; DDRD = 0; DDRE = 0; DDRF = 0;
 125:tmk_core/common/avr/bootloader.c ****             PORTA = 0; PORTB = 0; PORTC = 0; PORTD = 0; PORTE = 0; PORTF = 0;
 126:tmk_core/common/avr/bootloader.c ****             asm volatile("jmp 0xFC00");
 127:tmk_core/common/avr/bootloader.c ****         #elif defined(__AVR_AT90USB1286__)             // Teensy++ 2.0
 128:tmk_core/common/avr/bootloader.c ****             EIMSK = 0; PCICR = 0; SPCR = 0; ACSR = 0; EECR = 0; ADCSRA = 0;
 129:tmk_core/common/avr/bootloader.c ****             TIMSK0 = 0; TIMSK1 = 0; TIMSK2 = 0; TIMSK3 = 0; UCSR1B = 0; TWCR = 0;
 130:tmk_core/common/avr/bootloader.c ****             DDRA = 0; DDRB = 0; DDRC = 0; DDRD = 0; DDRE = 0; DDRF = 0;
 131:tmk_core/common/avr/bootloader.c ****             PORTA = 0; PORTB = 0; PORTC = 0; PORTD = 0; PORTE = 0; PORTF = 0;
 132:tmk_core/common/avr/bootloader.c ****             asm volatile("jmp 0x1FC00");
 133:tmk_core/common/avr/bootloader.c ****         #endif
 134:tmk_core/common/avr/bootloader.c **** 
 135:tmk_core/common/avr/bootloader.c ****     #elif defined(BOOTLOADER_CATERINA)
 136:tmk_core/common/avr/bootloader.c ****         // this block may be optional
 137:tmk_core/common/avr/bootloader.c ****         // TODO: figure it out
 138:tmk_core/common/avr/bootloader.c **** 
 139:tmk_core/common/avr/bootloader.c ****         uint16_t *const bootKeyPtr = (uint16_t *)0x0800;
 140:tmk_core/common/avr/bootloader.c **** 
 141:tmk_core/common/avr/bootloader.c ****         // Value used by Caterina bootloader use to determine whether to run the
 142:tmk_core/common/avr/bootloader.c ****         // sketch or the bootloader programmer.
 143:tmk_core/common/avr/bootloader.c ****         uint16_t bootKey = 0x7777;
 144:tmk_core/common/avr/bootloader.c **** 
 145:tmk_core/common/avr/bootloader.c ****         *bootKeyPtr = bootKey;
  23               		.loc 1 145 0
  24 0000 87E7      		ldi r24,lo8(119)
  25 0002 97E7      		ldi r25,lo8(119)
  26 0004 9093 0108 		sts 2048+1,r25
  27 0008 8093 0008 		sts 2048,r24
  28               	.LVL1:
  29               	.LBB7:
  30               	.LBB8:
  31               		.file 2 "/usr/lib/avr/include/avr/wdt.h"
   1:/usr/lib/avr/include/avr/wdt.h **** /* Copyright (c) 2002, 2004 Marek Michalkiewicz
   2:/usr/lib/avr/include/avr/wdt.h ****    Copyright (c) 2005, 2006, 2007 Eric B. Weddington
   3:/usr/lib/avr/include/avr/wdt.h ****    All rights reserved.
   4:/usr/lib/avr/include/avr/wdt.h **** 
   5:/usr/lib/avr/include/avr/wdt.h ****    Redistribution and use in source and binary forms, with or without
   6:/usr/lib/avr/include/avr/wdt.h ****    modification, are permitted provided that the following conditions are met:
   7:/usr/lib/avr/include/avr/wdt.h **** 
   8:/usr/lib/avr/include/avr/wdt.h ****    * Redistributions of source code must retain the above copyright
   9:/usr/lib/avr/include/avr/wdt.h ****      notice, this list of conditions and the following disclaimer.
  10:/usr/lib/avr/include/avr/wdt.h **** 
  11:/usr/lib/avr/include/avr/wdt.h ****    * Redistributions in binary form must reproduce the above copyright
  12:/usr/lib/avr/include/avr/wdt.h ****      notice, this list of conditions and the following disclaimer in
  13:/usr/lib/avr/include/avr/wdt.h ****      the documentation and/or other materials provided with the
  14:/usr/lib/avr/include/avr/wdt.h ****      distribution.
  15:/usr/lib/avr/include/avr/wdt.h **** 
  16:/usr/lib/avr/include/avr/wdt.h ****    * Neither the name of the copyright holders nor the names of
  17:/usr/lib/avr/include/avr/wdt.h ****      contributors may be used to endorse or promote products derived
  18:/usr/lib/avr/include/avr/wdt.h ****      from this software without specific prior written permission.
  19:/usr/lib/avr/include/avr/wdt.h **** 
  20:/usr/lib/avr/include/avr/wdt.h ****   THIS SOFTWARE IS PROVIDED BY THE COPYRIGHT HOLDERS AND CONTRIBUTORS "AS IS"
  21:/usr/lib/avr/include/avr/wdt.h ****   AND ANY EXPRESS OR IMPLIED WARRANTIES, INCLUDING, BUT NOT LIMITED TO, THE
  22:/usr/lib/avr/include/avr/wdt.h ****   IMPLIED WARRANTIES OF MERCHANTABILITY AND FITNESS FOR A PARTICULAR PURPOSE
  23:/usr/lib/avr/include/avr/wdt.h ****   ARE DISCLAIMED. IN NO EVENT SHALL THE COPYRIGHT OWNER OR CONTRIBUTORS BE
  24:/usr/lib/avr/include/avr/wdt.h ****   LIABLE FOR ANY DIRECT, INDIRECT, INCIDENTAL, SPECIAL, EXEMPLARY, OR
  25:/usr/lib/avr/include/avr/wdt.h ****   CONSEQUENTIAL DAMAGES (INCLUDING, BUT NOT LIMITED TO, PROCUREMENT OF
  26:/usr/lib/avr/include/avr/wdt.h ****   SUBSTITUTE GOODS OR SERVICES; LOSS OF USE, DATA, OR PROFITS; OR BUSINESS
  27:/usr/lib/avr/include/avr/wdt.h ****   INTERRUPTION) HOWEVER CAUSED AND ON ANY THEORY OF LIABILITY, WHETHER IN
  28:/usr/lib/avr/include/avr/wdt.h ****   CONTRACT, STRICT LIABILITY, OR TORT (INCLUDING NEGLIGENCE OR OTHERWISE)
  29:/usr/lib/avr/include/avr/wdt.h ****   ARISING IN ANY WAY OUT OF THE USE OF THIS SOFTWARE, EVEN IF ADVISED OF THE
  30:/usr/lib/avr/include/avr/wdt.h ****   POSSIBILITY OF SUCH DAMAGE. */
  31:/usr/lib/avr/include/avr/wdt.h **** 
  32:/usr/lib/avr/include/avr/wdt.h **** /* $Id$ */
  33:/usr/lib/avr/include/avr/wdt.h **** 
  34:/usr/lib/avr/include/avr/wdt.h **** /*
  35:/usr/lib/avr/include/avr/wdt.h ****    avr/wdt.h - macros for AVR watchdog timer
  36:/usr/lib/avr/include/avr/wdt.h ****  */
  37:/usr/lib/avr/include/avr/wdt.h **** 
  38:/usr/lib/avr/include/avr/wdt.h **** #ifndef _AVR_WDT_H_
  39:/usr/lib/avr/include/avr/wdt.h **** #define _AVR_WDT_H_
  40:/usr/lib/avr/include/avr/wdt.h **** 
  41:/usr/lib/avr/include/avr/wdt.h **** #include <avr/io.h>
  42:/usr/lib/avr/include/avr/wdt.h **** #include <stdint.h>
  43:/usr/lib/avr/include/avr/wdt.h **** 
  44:/usr/lib/avr/include/avr/wdt.h **** /** \file */
  45:/usr/lib/avr/include/avr/wdt.h **** /** \defgroup avr_watchdog <avr/wdt.h>: Watchdog timer handling
  46:/usr/lib/avr/include/avr/wdt.h ****     \code #include <avr/wdt.h> \endcode
  47:/usr/lib/avr/include/avr/wdt.h **** 
  48:/usr/lib/avr/include/avr/wdt.h ****     This header file declares the interface to some inline macros
  49:/usr/lib/avr/include/avr/wdt.h ****     handling the watchdog timer present in many AVR devices.  In order
  50:/usr/lib/avr/include/avr/wdt.h ****     to prevent the watchdog timer configuration from being
  51:/usr/lib/avr/include/avr/wdt.h ****     accidentally altered by a crashing application, a special timed
  52:/usr/lib/avr/include/avr/wdt.h ****     sequence is required in order to change it.  The macros within
  53:/usr/lib/avr/include/avr/wdt.h ****     this header file handle the required sequence automatically
  54:/usr/lib/avr/include/avr/wdt.h ****     before changing any value.  Interrupts will be disabled during
  55:/usr/lib/avr/include/avr/wdt.h ****     the manipulation.
  56:/usr/lib/avr/include/avr/wdt.h **** 
  57:/usr/lib/avr/include/avr/wdt.h ****     \note Depending on the fuse configuration of the particular
  58:/usr/lib/avr/include/avr/wdt.h ****     device, further restrictions might apply, in particular it might
  59:/usr/lib/avr/include/avr/wdt.h ****     be disallowed to turn off the watchdog timer.
  60:/usr/lib/avr/include/avr/wdt.h **** 
  61:/usr/lib/avr/include/avr/wdt.h ****     Note that for newer devices (ATmega88 and newer, effectively any
  62:/usr/lib/avr/include/avr/wdt.h ****     AVR that has the option to also generate interrupts), the watchdog
  63:/usr/lib/avr/include/avr/wdt.h ****     timer remains active even after a system reset (except a power-on
  64:/usr/lib/avr/include/avr/wdt.h ****     condition), using the fastest prescaler value (approximately 15
  65:/usr/lib/avr/include/avr/wdt.h ****     ms).  It is therefore required to turn off the watchdog early
  66:/usr/lib/avr/include/avr/wdt.h ****     during program startup, the datasheet recommends a sequence like
  67:/usr/lib/avr/include/avr/wdt.h ****     the following:
  68:/usr/lib/avr/include/avr/wdt.h **** 
  69:/usr/lib/avr/include/avr/wdt.h ****     \code
  70:/usr/lib/avr/include/avr/wdt.h ****     #include <stdint.h>
  71:/usr/lib/avr/include/avr/wdt.h ****     #include <avr/wdt.h>
  72:/usr/lib/avr/include/avr/wdt.h **** 
  73:/usr/lib/avr/include/avr/wdt.h ****     uint8_t mcusr_mirror __attribute__ ((section (".noinit")));
  74:/usr/lib/avr/include/avr/wdt.h **** 
  75:/usr/lib/avr/include/avr/wdt.h ****     void get_mcusr(void) \
  76:/usr/lib/avr/include/avr/wdt.h ****       __attribute__((naked)) \
  77:/usr/lib/avr/include/avr/wdt.h ****       __attribute__((section(".init3")));
  78:/usr/lib/avr/include/avr/wdt.h ****     void get_mcusr(void)
  79:/usr/lib/avr/include/avr/wdt.h ****     {
  80:/usr/lib/avr/include/avr/wdt.h ****       mcusr_mirror = MCUSR;
  81:/usr/lib/avr/include/avr/wdt.h ****       MCUSR = 0;
  82:/usr/lib/avr/include/avr/wdt.h ****       wdt_disable();
  83:/usr/lib/avr/include/avr/wdt.h ****     }
  84:/usr/lib/avr/include/avr/wdt.h ****     \endcode
  85:/usr/lib/avr/include/avr/wdt.h **** 
  86:/usr/lib/avr/include/avr/wdt.h ****     Saving the value of MCUSR in \c mcusr_mirror is only needed if the
  87:/usr/lib/avr/include/avr/wdt.h ****     application later wants to examine the reset source, but in particular, 
  88:/usr/lib/avr/include/avr/wdt.h ****     clearing the watchdog reset flag before disabling the
  89:/usr/lib/avr/include/avr/wdt.h ****     watchdog is required, according to the datasheet.
  90:/usr/lib/avr/include/avr/wdt.h **** */
  91:/usr/lib/avr/include/avr/wdt.h **** 
  92:/usr/lib/avr/include/avr/wdt.h **** /**
  93:/usr/lib/avr/include/avr/wdt.h ****    \ingroup avr_watchdog
  94:/usr/lib/avr/include/avr/wdt.h ****    Reset the watchdog timer.  When the watchdog timer is enabled,
  95:/usr/lib/avr/include/avr/wdt.h ****    a call to this instruction is required before the timer expires,
  96:/usr/lib/avr/include/avr/wdt.h ****    otherwise a watchdog-initiated device reset will occur. 
  97:/usr/lib/avr/include/avr/wdt.h **** */
  98:/usr/lib/avr/include/avr/wdt.h **** 
  99:/usr/lib/avr/include/avr/wdt.h **** #define wdt_reset() __asm__ __volatile__ ("wdr")
 100:/usr/lib/avr/include/avr/wdt.h **** 
 101:/usr/lib/avr/include/avr/wdt.h **** 
 102:/usr/lib/avr/include/avr/wdt.h **** #if defined(WDP3)
 103:/usr/lib/avr/include/avr/wdt.h **** # define _WD_PS3_MASK       _BV(WDP3)
 104:/usr/lib/avr/include/avr/wdt.h **** #else
 105:/usr/lib/avr/include/avr/wdt.h **** # define _WD_PS3_MASK       0x00
 106:/usr/lib/avr/include/avr/wdt.h **** #endif
 107:/usr/lib/avr/include/avr/wdt.h **** 
 108:/usr/lib/avr/include/avr/wdt.h **** #if defined(WDTCSR)
 109:/usr/lib/avr/include/avr/wdt.h **** #  define _WD_CONTROL_REG     WDTCSR
 110:/usr/lib/avr/include/avr/wdt.h **** #elif defined(WDTCR)
 111:/usr/lib/avr/include/avr/wdt.h **** #  define _WD_CONTROL_REG     WDTCR
 112:/usr/lib/avr/include/avr/wdt.h **** #else
 113:/usr/lib/avr/include/avr/wdt.h **** #  define _WD_CONTROL_REG     WDT
 114:/usr/lib/avr/include/avr/wdt.h **** #endif
 115:/usr/lib/avr/include/avr/wdt.h **** 
 116:/usr/lib/avr/include/avr/wdt.h **** #if defined(WDTOE)
 117:/usr/lib/avr/include/avr/wdt.h **** #define _WD_CHANGE_BIT      WDTOE
 118:/usr/lib/avr/include/avr/wdt.h **** #else
 119:/usr/lib/avr/include/avr/wdt.h **** #define _WD_CHANGE_BIT      WDCE
 120:/usr/lib/avr/include/avr/wdt.h **** #endif
 121:/usr/lib/avr/include/avr/wdt.h **** 
 122:/usr/lib/avr/include/avr/wdt.h **** 
 123:/usr/lib/avr/include/avr/wdt.h **** /**
 124:/usr/lib/avr/include/avr/wdt.h ****    \ingroup avr_watchdog
 125:/usr/lib/avr/include/avr/wdt.h ****    Enable the watchdog timer, configuring it for expiry after
 126:/usr/lib/avr/include/avr/wdt.h ****    \c timeout (which is a combination of the \c WDP0 through
 127:/usr/lib/avr/include/avr/wdt.h ****    \c WDP2 bits to write into the \c WDTCR register; For those devices 
 128:/usr/lib/avr/include/avr/wdt.h ****    that have a \c WDTCSR register, it uses the combination of the \c WDP0 
 129:/usr/lib/avr/include/avr/wdt.h ****    through \c WDP3 bits).
 130:/usr/lib/avr/include/avr/wdt.h **** 
 131:/usr/lib/avr/include/avr/wdt.h ****    See also the symbolic constants \c WDTO_15MS et al.
 132:/usr/lib/avr/include/avr/wdt.h **** */
 133:/usr/lib/avr/include/avr/wdt.h **** 
 134:/usr/lib/avr/include/avr/wdt.h **** 
 135:/usr/lib/avr/include/avr/wdt.h **** #if defined(__AVR_XMEGA__)
 136:/usr/lib/avr/include/avr/wdt.h **** 
 137:/usr/lib/avr/include/avr/wdt.h **** /*
 138:/usr/lib/avr/include/avr/wdt.h ****    wdt_enable(timeout) for xmega devices
 139:/usr/lib/avr/include/avr/wdt.h **** ** write signature (CCP_IOREG_gc) that enables change of protected I/O
 140:/usr/lib/avr/include/avr/wdt.h ****    registers to the CCP register
 141:/usr/lib/avr/include/avr/wdt.h **** ** At the same time,
 142:/usr/lib/avr/include/avr/wdt.h ****    1) set WDT change enable (WDT_CEN_bm)
 143:/usr/lib/avr/include/avr/wdt.h ****    2) enable WDT (WDT_ENABLE_bm)
 144:/usr/lib/avr/include/avr/wdt.h ****    3) set timeout (timeout)
 145:/usr/lib/avr/include/avr/wdt.h **** ** Synchronization starts when ENABLE bit of WDT is set. So, wait till it
 146:/usr/lib/avr/include/avr/wdt.h ****    finishes (SYNCBUSY of STATUS register is automatically cleared after the
 147:/usr/lib/avr/include/avr/wdt.h ****    sync is finished).
 148:/usr/lib/avr/include/avr/wdt.h **** */
 149:/usr/lib/avr/include/avr/wdt.h **** #define wdt_enable(timeout) \
 150:/usr/lib/avr/include/avr/wdt.h **** do { \
 151:/usr/lib/avr/include/avr/wdt.h **** uint8_t temp; \
 152:/usr/lib/avr/include/avr/wdt.h **** __asm__ __volatile__ (         \
 153:/usr/lib/avr/include/avr/wdt.h ****     "in __tmp_reg__, %[rampd]"              "\n\t" \
 154:/usr/lib/avr/include/avr/wdt.h ****     "out %[rampd], __zero_reg__"            "\n\t" \
 155:/usr/lib/avr/include/avr/wdt.h ****     "out %[ccp_reg], %[ioreg_cen_mask]"     "\n\t" \
 156:/usr/lib/avr/include/avr/wdt.h ****     "sts %[wdt_reg], %[wdt_enable_timeout]" "\n\t" \
 157:/usr/lib/avr/include/avr/wdt.h ****     "1:lds %[tmp], %[wdt_status_reg]"       "\n\t" \
 158:/usr/lib/avr/include/avr/wdt.h ****     "sbrc %[tmp], %[wdt_syncbusy_bit]"      "\n\t" \
 159:/usr/lib/avr/include/avr/wdt.h ****     "rjmp 1b"                               "\n\t" \
 160:/usr/lib/avr/include/avr/wdt.h ****     "out %[rampd], __tmp_reg__"             "\n\t" \
 161:/usr/lib/avr/include/avr/wdt.h ****     : [tmp]                "=r" (temp) \
 162:/usr/lib/avr/include/avr/wdt.h ****     : [rampd]              "I" (_SFR_IO_ADDR(RAMPD)),      \
 163:/usr/lib/avr/include/avr/wdt.h ****       [ccp_reg]            "I" (_SFR_IO_ADDR(CCP)),        \
 164:/usr/lib/avr/include/avr/wdt.h ****       [ioreg_cen_mask]     "r" ((uint8_t)CCP_IOREG_gc),     \
 165:/usr/lib/avr/include/avr/wdt.h ****       [wdt_reg]            "n" (_SFR_MEM_ADDR(WDT_CTRL)),   \
 166:/usr/lib/avr/include/avr/wdt.h ****       [wdt_enable_timeout] "r" ((uint8_t)(WDT_CEN_bm | WDT_ENABLE_bm | timeout)), \
 167:/usr/lib/avr/include/avr/wdt.h ****       [wdt_status_reg]     "n" (_SFR_MEM_ADDR(WDT_STATUS)), \
 168:/usr/lib/avr/include/avr/wdt.h ****       [wdt_syncbusy_bit]   "I" (WDT_SYNCBUSY_bm)            \
 169:/usr/lib/avr/include/avr/wdt.h ****     : "r0" \
 170:/usr/lib/avr/include/avr/wdt.h **** ); \
 171:/usr/lib/avr/include/avr/wdt.h **** } while(0)
 172:/usr/lib/avr/include/avr/wdt.h **** 
 173:/usr/lib/avr/include/avr/wdt.h **** #define wdt_disable() \
 174:/usr/lib/avr/include/avr/wdt.h **** __asm__ __volatile__ (  \
 175:/usr/lib/avr/include/avr/wdt.h ****     "in __tmp_reg__, %[rampd]"          "\n\t" \
 176:/usr/lib/avr/include/avr/wdt.h ****     "out %[rampd], __zero_reg__"        "\n\t" \
 177:/usr/lib/avr/include/avr/wdt.h ****     "out %[ccp_reg], %[ioreg_cen_mask]" "\n\t" \
 178:/usr/lib/avr/include/avr/wdt.h ****     "sts %[wdt_reg], %[disable_mask]"   "\n\t" \
 179:/usr/lib/avr/include/avr/wdt.h ****     "out %[rampd], __tmp_reg__"         "\n\t" \
 180:/usr/lib/avr/include/avr/wdt.h ****     : \
 181:/usr/lib/avr/include/avr/wdt.h ****     : [rampd]             "I" (_SFR_IO_ADDR(RAMPD)),    \
 182:/usr/lib/avr/include/avr/wdt.h ****       [ccp_reg]           "I" (_SFR_IO_ADDR(CCP)),      \
 183:/usr/lib/avr/include/avr/wdt.h ****       [ioreg_cen_mask]    "r" ((uint8_t)CCP_IOREG_gc),   \
 184:/usr/lib/avr/include/avr/wdt.h ****       [wdt_reg]           "n" (_SFR_MEM_ADDR(WDT_CTRL)), \
 185:/usr/lib/avr/include/avr/wdt.h ****       [disable_mask]      "r" ((uint8_t)((~WDT_ENABLE_bm) | WDT_CEN_bm)) \
 186:/usr/lib/avr/include/avr/wdt.h ****     : "r0" \
 187:/usr/lib/avr/include/avr/wdt.h **** );
 188:/usr/lib/avr/include/avr/wdt.h **** 
 189:/usr/lib/avr/include/avr/wdt.h **** #elif defined(__AVR_TINY__)
 190:/usr/lib/avr/include/avr/wdt.h **** 
 191:/usr/lib/avr/include/avr/wdt.h **** #define wdt_enable(value) \
 192:/usr/lib/avr/include/avr/wdt.h **** __asm__ __volatile__ ( \
 193:/usr/lib/avr/include/avr/wdt.h ****     "in __tmp_reg__,__SREG__" "\n\t"  \
 194:/usr/lib/avr/include/avr/wdt.h ****     "cli" "\n\t"  \
 195:/usr/lib/avr/include/avr/wdt.h ****     "wdr" "\n\t"  \
 196:/usr/lib/avr/include/avr/wdt.h ****     "out %[CCPADDRESS],%[SIGNATURE]" "\n\t"  \
 197:/usr/lib/avr/include/avr/wdt.h ****     "out %[WDTREG],%[WDVALUE]" "\n\t"  \
 198:/usr/lib/avr/include/avr/wdt.h ****     "out __SREG__,__tmp_reg__" "\n\t"  \
 199:/usr/lib/avr/include/avr/wdt.h ****     : /* no outputs */  \
 200:/usr/lib/avr/include/avr/wdt.h ****     : [CCPADDRESS] "I" (_SFR_IO_ADDR(CCP)),  \
 201:/usr/lib/avr/include/avr/wdt.h ****       [SIGNATURE] "r" ((uint8_t)0xD8), \
 202:/usr/lib/avr/include/avr/wdt.h ****       [WDTREG] "I" (_SFR_IO_ADDR(_WD_CONTROL_REG)), \
 203:/usr/lib/avr/include/avr/wdt.h ****       [WDVALUE] "r" ((uint8_t)((value & 0x08 ? _WD_PS3_MASK : 0x00) \
 204:/usr/lib/avr/include/avr/wdt.h ****       | _BV(WDE) | (value & 0x07) )) \
 205:/usr/lib/avr/include/avr/wdt.h ****     : "r16" \
 206:/usr/lib/avr/include/avr/wdt.h **** )
 207:/usr/lib/avr/include/avr/wdt.h **** 
 208:/usr/lib/avr/include/avr/wdt.h **** #define wdt_disable() \
 209:/usr/lib/avr/include/avr/wdt.h **** do { \
 210:/usr/lib/avr/include/avr/wdt.h **** uint8_t temp_wd; \
 211:/usr/lib/avr/include/avr/wdt.h **** __asm__ __volatile__ ( \
 212:/usr/lib/avr/include/avr/wdt.h ****     "in __tmp_reg__,__SREG__" "\n\t"  \
 213:/usr/lib/avr/include/avr/wdt.h ****     "cli" "\n\t"  \
 214:/usr/lib/avr/include/avr/wdt.h ****     "wdr" "\n\t"  \
 215:/usr/lib/avr/include/avr/wdt.h ****     "out %[CCPADDRESS],%[SIGNATURE]" "\n\t"  \
 216:/usr/lib/avr/include/avr/wdt.h ****     "in  %[TEMP_WD],%[WDTREG]" "\n\t" \
 217:/usr/lib/avr/include/avr/wdt.h ****     "cbr %[TEMP_WD],%[WDVALUE]" "\n\t" \
 218:/usr/lib/avr/include/avr/wdt.h ****     "out %[WDTREG],%[TEMP_WD]" "\n\t" \
 219:/usr/lib/avr/include/avr/wdt.h ****     "out __SREG__,__tmp_reg__" "\n\t" \
 220:/usr/lib/avr/include/avr/wdt.h ****     : /*no output */ \
 221:/usr/lib/avr/include/avr/wdt.h ****     : [CCPADDRESS] "I" (_SFR_IO_ADDR(CCP)), \
 222:/usr/lib/avr/include/avr/wdt.h ****       [SIGNATURE] "r" ((uint8_t)0xD8), \
 223:/usr/lib/avr/include/avr/wdt.h ****       [WDTREG] "I" (_SFR_IO_ADDR(_WD_CONTROL_REG)), \
 224:/usr/lib/avr/include/avr/wdt.h ****       [TEMP_WD] "d" (temp_wd), \
 225:/usr/lib/avr/include/avr/wdt.h ****       [WDVALUE] "n" (1 << WDE) \
 226:/usr/lib/avr/include/avr/wdt.h ****     : "r16" \
 227:/usr/lib/avr/include/avr/wdt.h **** ); \
 228:/usr/lib/avr/include/avr/wdt.h **** }while(0)
 229:/usr/lib/avr/include/avr/wdt.h **** 
 230:/usr/lib/avr/include/avr/wdt.h **** #elif defined(CCP)
 231:/usr/lib/avr/include/avr/wdt.h **** 
 232:/usr/lib/avr/include/avr/wdt.h **** static __inline__
 233:/usr/lib/avr/include/avr/wdt.h **** __attribute__ ((__always_inline__))
 234:/usr/lib/avr/include/avr/wdt.h **** void wdt_enable (const uint8_t value)
 235:/usr/lib/avr/include/avr/wdt.h **** {
 236:/usr/lib/avr/include/avr/wdt.h **** 	if (!_SFR_IO_REG_P (CCP) && !_SFR_IO_REG_P (_WD_CONTROL_REG))
 237:/usr/lib/avr/include/avr/wdt.h **** 	{
 238:/usr/lib/avr/include/avr/wdt.h **** 		__asm__ __volatile__ (
 239:/usr/lib/avr/include/avr/wdt.h **** 			"in __tmp_reg__,__SREG__" "\n\t"
 240:/usr/lib/avr/include/avr/wdt.h **** 			"cli" "\n\t"
 241:/usr/lib/avr/include/avr/wdt.h **** 			"wdr" "\n\t"
 242:/usr/lib/avr/include/avr/wdt.h **** 			"sts %[CCPADDRESS],%[SIGNATURE]" "\n\t"
 243:/usr/lib/avr/include/avr/wdt.h **** 			"sts %[WDTREG],%[WDVALUE]" "\n\t"
 244:/usr/lib/avr/include/avr/wdt.h **** 			"out __SREG__,__tmp_reg__" "\n\t"
 245:/usr/lib/avr/include/avr/wdt.h **** 			: /* no outputs */
 246:/usr/lib/avr/include/avr/wdt.h **** 			: [CCPADDRESS] "n" (_SFR_MEM_ADDR(CCP)),
 247:/usr/lib/avr/include/avr/wdt.h **** 			[SIGNATURE] "r" ((uint8_t)0xD8),
 248:/usr/lib/avr/include/avr/wdt.h **** 			[WDTREG] "n" (_SFR_MEM_ADDR(_WD_CONTROL_REG)),
 249:/usr/lib/avr/include/avr/wdt.h **** 			[WDVALUE] "r" ((uint8_t)((value & 0x08 ? _WD_PS3_MASK : 0x00)
 250:/usr/lib/avr/include/avr/wdt.h **** 				| _BV(WDE) | (value & 0x07) ))
 251:/usr/lib/avr/include/avr/wdt.h **** 			: "r0"
 252:/usr/lib/avr/include/avr/wdt.h **** 			);
 253:/usr/lib/avr/include/avr/wdt.h **** 	}
 254:/usr/lib/avr/include/avr/wdt.h **** 	else if (!_SFR_IO_REG_P (CCP) && _SFR_IO_REG_P (_WD_CONTROL_REG))
 255:/usr/lib/avr/include/avr/wdt.h **** 	{
 256:/usr/lib/avr/include/avr/wdt.h **** 		__asm__ __volatile__ (
 257:/usr/lib/avr/include/avr/wdt.h **** 			"in __tmp_reg__,__SREG__" "\n\t"
 258:/usr/lib/avr/include/avr/wdt.h **** 			"cli" "\n\t"
 259:/usr/lib/avr/include/avr/wdt.h **** 			"wdr" "\n\t"
 260:/usr/lib/avr/include/avr/wdt.h **** 			"sts %[CCPADDRESS],%[SIGNATURE]" "\n\t"
 261:/usr/lib/avr/include/avr/wdt.h **** 			"out %[WDTREG],%[WDVALUE]" "\n\t"
 262:/usr/lib/avr/include/avr/wdt.h **** 			"out __SREG__,__tmp_reg__" "\n\t"
 263:/usr/lib/avr/include/avr/wdt.h **** 			: /* no outputs */
 264:/usr/lib/avr/include/avr/wdt.h **** 			: [CCPADDRESS] "n" (_SFR_MEM_ADDR(CCP)),
 265:/usr/lib/avr/include/avr/wdt.h **** 			[SIGNATURE] "r" ((uint8_t)0xD8),
 266:/usr/lib/avr/include/avr/wdt.h **** 			[WDTREG] "I" (_SFR_IO_ADDR(_WD_CONTROL_REG)),
 267:/usr/lib/avr/include/avr/wdt.h **** 			[WDVALUE] "r" ((uint8_t)((value & 0x08 ? _WD_PS3_MASK : 0x00)
 268:/usr/lib/avr/include/avr/wdt.h **** 				| _BV(WDE) | (value & 0x07) ))
 269:/usr/lib/avr/include/avr/wdt.h **** 			: "r0"
 270:/usr/lib/avr/include/avr/wdt.h **** 			);
 271:/usr/lib/avr/include/avr/wdt.h **** 	}
 272:/usr/lib/avr/include/avr/wdt.h **** 	else if (_SFR_IO_REG_P (CCP) && !_SFR_IO_REG_P (_WD_CONTROL_REG))
 273:/usr/lib/avr/include/avr/wdt.h **** 	{
 274:/usr/lib/avr/include/avr/wdt.h **** 		__asm__ __volatile__ (
 275:/usr/lib/avr/include/avr/wdt.h **** 			"in __tmp_reg__,__SREG__" "\n\t"
 276:/usr/lib/avr/include/avr/wdt.h **** 			"cli" "\n\t"
 277:/usr/lib/avr/include/avr/wdt.h **** 			"wdr" "\n\t"
 278:/usr/lib/avr/include/avr/wdt.h **** 			"out %[CCPADDRESS],%[SIGNATURE]" "\n\t"
 279:/usr/lib/avr/include/avr/wdt.h **** 			"sts %[WDTREG],%[WDVALUE]" "\n\t"
 280:/usr/lib/avr/include/avr/wdt.h **** 			"out __SREG__,__tmp_reg__" "\n\t"
 281:/usr/lib/avr/include/avr/wdt.h **** 			: /* no outputs */
 282:/usr/lib/avr/include/avr/wdt.h **** 			: [CCPADDRESS] "I" (_SFR_IO_ADDR(CCP)),
 283:/usr/lib/avr/include/avr/wdt.h **** 			[SIGNATURE] "r" ((uint8_t)0xD8),
 284:/usr/lib/avr/include/avr/wdt.h **** 			[WDTREG] "n" (_SFR_MEM_ADDR(_WD_CONTROL_REG)),
 285:/usr/lib/avr/include/avr/wdt.h **** 			[WDVALUE] "r" ((uint8_t)((value & 0x08 ? _WD_PS3_MASK : 0x00)
 286:/usr/lib/avr/include/avr/wdt.h **** 				| _BV(WDE) | (value & 0x07) ))
 287:/usr/lib/avr/include/avr/wdt.h **** 			: "r0"
 288:/usr/lib/avr/include/avr/wdt.h **** 			);
 289:/usr/lib/avr/include/avr/wdt.h **** 	}
 290:/usr/lib/avr/include/avr/wdt.h **** 	else
 291:/usr/lib/avr/include/avr/wdt.h ****  	{
 292:/usr/lib/avr/include/avr/wdt.h **** 		__asm__ __volatile__ (
 293:/usr/lib/avr/include/avr/wdt.h **** 			"in __tmp_reg__,__SREG__" "\n\t"
 294:/usr/lib/avr/include/avr/wdt.h **** 			"cli" "\n\t"
 295:/usr/lib/avr/include/avr/wdt.h **** 			"wdr" "\n\t"
 296:/usr/lib/avr/include/avr/wdt.h **** 			"out %[CCPADDRESS],%[SIGNATURE]" "\n\t"
 297:/usr/lib/avr/include/avr/wdt.h **** 			"out %[WDTREG],%[WDVALUE]" "\n\t"
 298:/usr/lib/avr/include/avr/wdt.h **** 			"out __SREG__,__tmp_reg__" "\n\t"
 299:/usr/lib/avr/include/avr/wdt.h **** 			: /* no outputs */
 300:/usr/lib/avr/include/avr/wdt.h **** 			: [CCPADDRESS] "I" (_SFR_IO_ADDR(CCP)),
 301:/usr/lib/avr/include/avr/wdt.h **** 			[SIGNATURE] "r" ((uint8_t)0xD8),
 302:/usr/lib/avr/include/avr/wdt.h **** 			[WDTREG] "I" (_SFR_IO_ADDR(_WD_CONTROL_REG)),
 303:/usr/lib/avr/include/avr/wdt.h **** 			[WDVALUE] "r" ((uint8_t)((value & 0x08 ? _WD_PS3_MASK : 0x00)
 304:/usr/lib/avr/include/avr/wdt.h **** 				| _BV(WDE) | (value & 0x07) ))
 305:/usr/lib/avr/include/avr/wdt.h **** 			: "r0"
 306:/usr/lib/avr/include/avr/wdt.h **** 			);
 307:/usr/lib/avr/include/avr/wdt.h **** 	}
 308:/usr/lib/avr/include/avr/wdt.h **** }
 309:/usr/lib/avr/include/avr/wdt.h **** 
 310:/usr/lib/avr/include/avr/wdt.h **** static __inline__
 311:/usr/lib/avr/include/avr/wdt.h **** __attribute__ ((__always_inline__))
 312:/usr/lib/avr/include/avr/wdt.h **** void wdt_disable (void)
 313:/usr/lib/avr/include/avr/wdt.h **** {
 314:/usr/lib/avr/include/avr/wdt.h **** 	if (!_SFR_IO_REG_P (CCP) && !_SFR_IO_REG_P(_WD_CONTROL_REG))
 315:/usr/lib/avr/include/avr/wdt.h **** 	{
 316:/usr/lib/avr/include/avr/wdt.h ****         uint8_t temp_wd;
 317:/usr/lib/avr/include/avr/wdt.h ****         __asm__ __volatile__ (
 318:/usr/lib/avr/include/avr/wdt.h **** 				"in __tmp_reg__,__SREG__" "\n\t"
 319:/usr/lib/avr/include/avr/wdt.h **** 				"cli" "\n\t"
 320:/usr/lib/avr/include/avr/wdt.h **** 				"wdr" "\n\t"
 321:/usr/lib/avr/include/avr/wdt.h **** 				"sts %[CCPADDRESS],%[SIGNATURE]" "\n\t"
 322:/usr/lib/avr/include/avr/wdt.h **** 				"lds %[TEMP_WD],%[WDTREG]" "\n\t"
 323:/usr/lib/avr/include/avr/wdt.h **** 				"cbr %[TEMP_WD],%[WDVALUE]" "\n\t"
 324:/usr/lib/avr/include/avr/wdt.h **** 				"sts %[WDTREG],%[TEMP_WD]" "\n\t"
 325:/usr/lib/avr/include/avr/wdt.h **** 				"out __SREG__,__tmp_reg__" "\n\t"
 326:/usr/lib/avr/include/avr/wdt.h **** 				: /*no output */
 327:/usr/lib/avr/include/avr/wdt.h **** 				: [CCPADDRESS] "n" (_SFR_MEM_ADDR(CCP)),
 328:/usr/lib/avr/include/avr/wdt.h **** 				[SIGNATURE] "r" ((uint8_t)0xD8),
 329:/usr/lib/avr/include/avr/wdt.h **** 				[WDTREG] "n" (_SFR_MEM_ADDR(_WD_CONTROL_REG)),
 330:/usr/lib/avr/include/avr/wdt.h **** 				[TEMP_WD] "d" (temp_wd),
 331:/usr/lib/avr/include/avr/wdt.h **** 				[WDVALUE] "n" (1 << WDE)
 332:/usr/lib/avr/include/avr/wdt.h **** 				: "r0"
 333:/usr/lib/avr/include/avr/wdt.h **** 				);
 334:/usr/lib/avr/include/avr/wdt.h **** 	}
 335:/usr/lib/avr/include/avr/wdt.h **** 	else if (!_SFR_IO_REG_P (CCP) && _SFR_IO_REG_P(_WD_CONTROL_REG))
 336:/usr/lib/avr/include/avr/wdt.h **** 	{
 337:/usr/lib/avr/include/avr/wdt.h ****         uint8_t temp_wd;
 338:/usr/lib/avr/include/avr/wdt.h ****         __asm__ __volatile__ (
 339:/usr/lib/avr/include/avr/wdt.h **** 				"in __tmp_reg__,__SREG__" "\n\t"
 340:/usr/lib/avr/include/avr/wdt.h **** 				"cli" "\n\t"
 341:/usr/lib/avr/include/avr/wdt.h **** 				"wdr" "\n\t"
 342:/usr/lib/avr/include/avr/wdt.h **** 				"sts %[CCPADDRESS],%[SIGNATURE]" "\n\t"
 343:/usr/lib/avr/include/avr/wdt.h **** 				"in %[TEMP_WD],%[WDTREG]" "\n\t"
 344:/usr/lib/avr/include/avr/wdt.h **** 				"cbr %[TEMP_WD],%[WDVALUE]" "\n\t"
 345:/usr/lib/avr/include/avr/wdt.h **** 				"out %[WDTREG],%[TEMP_WD]" "\n\t"
 346:/usr/lib/avr/include/avr/wdt.h **** 				"out __SREG__,__tmp_reg__" "\n\t"
 347:/usr/lib/avr/include/avr/wdt.h **** 				: /*no output */
 348:/usr/lib/avr/include/avr/wdt.h **** 				: [CCPADDRESS] "n" (_SFR_MEM_ADDR(CCP)),
 349:/usr/lib/avr/include/avr/wdt.h **** 				[SIGNATURE] "r" ((uint8_t)0xD8),
 350:/usr/lib/avr/include/avr/wdt.h **** 				[WDTREG] "I" (_SFR_IO_ADDR(_WD_CONTROL_REG)),
 351:/usr/lib/avr/include/avr/wdt.h **** 				[TEMP_WD] "d" (temp_wd),
 352:/usr/lib/avr/include/avr/wdt.h **** 				[WDVALUE] "n" (1 << WDE)
 353:/usr/lib/avr/include/avr/wdt.h **** 				: "r0"
 354:/usr/lib/avr/include/avr/wdt.h **** 				);
 355:/usr/lib/avr/include/avr/wdt.h **** 	}
 356:/usr/lib/avr/include/avr/wdt.h **** 	else if (_SFR_IO_REG_P (CCP) && !_SFR_IO_REG_P(_WD_CONTROL_REG))
 357:/usr/lib/avr/include/avr/wdt.h **** 	{
 358:/usr/lib/avr/include/avr/wdt.h ****         uint8_t temp_wd;
 359:/usr/lib/avr/include/avr/wdt.h ****         __asm__ __volatile__ (
 360:/usr/lib/avr/include/avr/wdt.h **** 				"in __tmp_reg__,__SREG__" "\n\t"
 361:/usr/lib/avr/include/avr/wdt.h **** 				"cli" "\n\t"
 362:/usr/lib/avr/include/avr/wdt.h **** 				"wdr" "\n\t"
 363:/usr/lib/avr/include/avr/wdt.h **** 				"out %[CCPADDRESS],%[SIGNATURE]" "\n\t"
 364:/usr/lib/avr/include/avr/wdt.h **** 				"lds %[TEMP_WD],%[WDTREG]" "\n\t"
 365:/usr/lib/avr/include/avr/wdt.h **** 				"cbr %[TEMP_WD],%[WDVALUE]" "\n\t"
 366:/usr/lib/avr/include/avr/wdt.h **** 				"sts %[WDTREG],%[TEMP_WD]" "\n\t"
 367:/usr/lib/avr/include/avr/wdt.h **** 				"out __SREG__,__tmp_reg__" "\n\t"
 368:/usr/lib/avr/include/avr/wdt.h **** 				: /*no output */
 369:/usr/lib/avr/include/avr/wdt.h **** 				: [CCPADDRESS] "I" (_SFR_IO_ADDR(CCP)),
 370:/usr/lib/avr/include/avr/wdt.h **** 				[SIGNATURE] "r" ((uint8_t)0xD8),
 371:/usr/lib/avr/include/avr/wdt.h **** 				[WDTREG] "n" (_SFR_MEM_ADDR(_WD_CONTROL_REG)),
 372:/usr/lib/avr/include/avr/wdt.h **** 				[TEMP_WD] "d" (temp_wd),
 373:/usr/lib/avr/include/avr/wdt.h **** 				[WDVALUE] "n" (1 << WDE)
 374:/usr/lib/avr/include/avr/wdt.h **** 				: "r0"
 375:/usr/lib/avr/include/avr/wdt.h **** 				);
 376:/usr/lib/avr/include/avr/wdt.h **** 	}
 377:/usr/lib/avr/include/avr/wdt.h **** 	else
 378:/usr/lib/avr/include/avr/wdt.h **** 	{
 379:/usr/lib/avr/include/avr/wdt.h ****         uint8_t temp_wd;
 380:/usr/lib/avr/include/avr/wdt.h ****         __asm__ __volatile__ (
 381:/usr/lib/avr/include/avr/wdt.h **** 				"in __tmp_reg__,__SREG__" "\n\t"
 382:/usr/lib/avr/include/avr/wdt.h **** 				"cli" "\n\t"
 383:/usr/lib/avr/include/avr/wdt.h **** 				"wdr" "\n\t"
 384:/usr/lib/avr/include/avr/wdt.h **** 				"out %[CCPADDRESS],%[SIGNATURE]" "\n\t"
 385:/usr/lib/avr/include/avr/wdt.h **** 				"in %[TEMP_WD],%[WDTREG]" "\n\t"
 386:/usr/lib/avr/include/avr/wdt.h **** 				"cbr %[TEMP_WD],%[WDVALUE]" "\n\t"
 387:/usr/lib/avr/include/avr/wdt.h **** 				"out %[WDTREG],%[TEMP_WD]" "\n\t"
 388:/usr/lib/avr/include/avr/wdt.h **** 				"out __SREG__,__tmp_reg__" "\n\t"
 389:/usr/lib/avr/include/avr/wdt.h **** 				: /*no output */
 390:/usr/lib/avr/include/avr/wdt.h **** 				: [CCPADDRESS] "I" (_SFR_IO_ADDR(CCP)),
 391:/usr/lib/avr/include/avr/wdt.h **** 				[SIGNATURE] "r" ((uint8_t)0xD8),
 392:/usr/lib/avr/include/avr/wdt.h **** 				[WDTREG] "I" (_SFR_IO_ADDR(_WD_CONTROL_REG)),
 393:/usr/lib/avr/include/avr/wdt.h **** 				[TEMP_WD] "d" (temp_wd),
 394:/usr/lib/avr/include/avr/wdt.h **** 				[WDVALUE] "n" (1 << WDE)
 395:/usr/lib/avr/include/avr/wdt.h **** 				: "r0"
 396:/usr/lib/avr/include/avr/wdt.h **** 				);
 397:/usr/lib/avr/include/avr/wdt.h **** 	}
 398:/usr/lib/avr/include/avr/wdt.h **** }
 399:/usr/lib/avr/include/avr/wdt.h **** 
 400:/usr/lib/avr/include/avr/wdt.h **** #else
 401:/usr/lib/avr/include/avr/wdt.h **** 
 402:/usr/lib/avr/include/avr/wdt.h **** static __inline__
 403:/usr/lib/avr/include/avr/wdt.h **** __attribute__ ((__always_inline__))
 404:/usr/lib/avr/include/avr/wdt.h **** void wdt_enable (const uint8_t value)
 405:/usr/lib/avr/include/avr/wdt.h **** {
 406:/usr/lib/avr/include/avr/wdt.h **** 	if (_SFR_IO_REG_P (_WD_CONTROL_REG))
 407:/usr/lib/avr/include/avr/wdt.h **** 	{
 408:/usr/lib/avr/include/avr/wdt.h **** 		__asm__ __volatile__ (
 409:/usr/lib/avr/include/avr/wdt.h **** 				"in __tmp_reg__,__SREG__" "\n\t"
 410:/usr/lib/avr/include/avr/wdt.h **** 				"cli" "\n\t"
 411:/usr/lib/avr/include/avr/wdt.h **** 				"wdr" "\n\t"
 412:/usr/lib/avr/include/avr/wdt.h **** 				"out %0, %1" "\n\t"
 413:/usr/lib/avr/include/avr/wdt.h **** 				"out __SREG__,__tmp_reg__" "\n\t"
 414:/usr/lib/avr/include/avr/wdt.h **** 				"out %0, %2" "\n \t"
 415:/usr/lib/avr/include/avr/wdt.h **** 				: /* no outputs */
 416:/usr/lib/avr/include/avr/wdt.h **** 				: "I" (_SFR_IO_ADDR(_WD_CONTROL_REG)),
 417:/usr/lib/avr/include/avr/wdt.h **** 				"r" ((uint8_t)(_BV(_WD_CHANGE_BIT) | _BV(WDE))),
 418:/usr/lib/avr/include/avr/wdt.h **** 				"r" ((uint8_t) ((value & 0x08 ? _WD_PS3_MASK : 0x00) |
 419:/usr/lib/avr/include/avr/wdt.h **** 						_BV(WDE) | (value & 0x07)) )
 420:/usr/lib/avr/include/avr/wdt.h **** 				: "r0"
 421:/usr/lib/avr/include/avr/wdt.h **** 		);
 422:/usr/lib/avr/include/avr/wdt.h **** 	}
 423:/usr/lib/avr/include/avr/wdt.h **** 	else
 424:/usr/lib/avr/include/avr/wdt.h **** 	{
 425:/usr/lib/avr/include/avr/wdt.h **** 		__asm__ __volatile__ (
  32               		.loc 2 425 0
  33 000c 9AE0      		ldi r25,lo8(10)
  34 000e 88E1      		ldi r24,lo8(24)
  35               	/* #APP */
  36               	 ;  425 "/usr/lib/avr/include/avr/wdt.h" 1
  37 0010 0FB6      		in __tmp_reg__,__SREG__
  38 0012 F894      		cli
  39 0014 A895      		wdr
  40 0016 8093 6000 		sts 96, r24
  41 001a 0FBE      		out __SREG__,__tmp_reg__
  42 001c 9093 6000 		sts 96, r25
  43               	 	
  44               	 ;  0 "" 2
  45               	/* #NOAPP */
  46               	.L2:
  47               	.LBE8:
  48               	.LBE7:
 146:tmk_core/common/avr/bootloader.c **** 
 147:tmk_core/common/avr/bootloader.c ****         // setup watchdog timeout
 148:tmk_core/common/avr/bootloader.c ****         wdt_enable(WDTO_60MS);
 149:tmk_core/common/avr/bootloader.c **** 
 150:tmk_core/common/avr/bootloader.c ****         while(1) {} // wait for watchdog timer to trigger
  49               		.loc 1 150 0 discriminator 1
  50 0020 00C0      		rjmp .L2
  51               		.cfi_endproc
  52               	.LFE102:
  54               		.section	.init3,"ax",@progbits
  55               	.global	bootloader_jump_after_watchdog_reset
  57               	bootloader_jump_after_watchdog_reset:
  58               	.LFB103:
 151:tmk_core/common/avr/bootloader.c **** 
 152:tmk_core/common/avr/bootloader.c ****     #else // Assume remaining boards are DFU, even if the flag isn't set
 153:tmk_core/common/avr/bootloader.c **** 
 154:tmk_core/common/avr/bootloader.c ****         #if !(defined(__AVR_ATmega32A__) || defined(__AVR_ATmega328P__)) // no USB - maybe BOOTLOAD
 155:tmk_core/common/avr/bootloader.c ****             UDCON = 1;
 156:tmk_core/common/avr/bootloader.c ****             USBCON = (1<<FRZCLK);  // disable USB
 157:tmk_core/common/avr/bootloader.c ****             UCSR1B = 0;
 158:tmk_core/common/avr/bootloader.c ****             _delay_ms(5); // 5 seems to work fine
 159:tmk_core/common/avr/bootloader.c ****         #endif
 160:tmk_core/common/avr/bootloader.c **** 
 161:tmk_core/common/avr/bootloader.c ****         #ifdef BOOTLOADER_BOOTLOADHID
 162:tmk_core/common/avr/bootloader.c ****             // force bootloadHID to stay in bootloader mode, so that it waits
 163:tmk_core/common/avr/bootloader.c ****             // for a new firmware to be flashed
 164:tmk_core/common/avr/bootloader.c ****             eeprom_write_byte((uint8_t *)1, 0x00);
 165:tmk_core/common/avr/bootloader.c ****         #endif
 166:tmk_core/common/avr/bootloader.c **** 
 167:tmk_core/common/avr/bootloader.c ****         // watchdog reset
 168:tmk_core/common/avr/bootloader.c ****         reset_key = BOOTLOADER_RESET_KEY;
 169:tmk_core/common/avr/bootloader.c ****         wdt_enable(WDTO_250MS);
 170:tmk_core/common/avr/bootloader.c ****         for (;;);
 171:tmk_core/common/avr/bootloader.c ****     #endif
 172:tmk_core/common/avr/bootloader.c **** 
 173:tmk_core/common/avr/bootloader.c **** }
 174:tmk_core/common/avr/bootloader.c **** 
 175:tmk_core/common/avr/bootloader.c **** #ifdef __AVR_ATmega32A__
 176:tmk_core/common/avr/bootloader.c ****     // MCUSR is actually called MCUCSR in ATmega32A
 177:tmk_core/common/avr/bootloader.c ****     #define MCUSR MCUCSR
 178:tmk_core/common/avr/bootloader.c **** #endif
 179:tmk_core/common/avr/bootloader.c **** 
 180:tmk_core/common/avr/bootloader.c **** /* this runs before main() */
 181:tmk_core/common/avr/bootloader.c **** void bootloader_jump_after_watchdog_reset(void) __attribute__ ((used, naked, section (".init3")));
 182:tmk_core/common/avr/bootloader.c **** void bootloader_jump_after_watchdog_reset(void)
 183:tmk_core/common/avr/bootloader.c **** {
  59               		.loc 1 183 0
  60               		.cfi_startproc
  61               	/* prologue: naked */
  62               	/* frame size = 0 */
  63               	/* stack size = 0 */
  64               	.L__stack_usage = 0
 184:tmk_core/common/avr/bootloader.c ****     #ifndef BOOTLOADER_HALFKAY
 185:tmk_core/common/avr/bootloader.c ****         if ((MCUSR & (1<<WDRF)) && reset_key == BOOTLOADER_RESET_KEY) {
  65               		.loc 1 185 0
  66 0000 04B6      		in __tmp_reg__,0x34
  67 0002 03FE      		sbrs __tmp_reg__,3
  68 0004 00C0      		rjmp .L4
  69               		.loc 1 185 0 is_stmt 0 discriminator 1
  70 0006 8091 0000 		lds r24,reset_key
  71 000a 9091 0000 		lds r25,reset_key+1
  72 000e A091 0000 		lds r26,reset_key+2
  73 0012 B091 0000 		lds r27,reset_key+3
  74 0016 8730      		cpi r24,7
  75 0018 904B      		sbci r25,-80
  76 001a A740      		sbci r26,7
  77 001c B04B      		sbci r27,-80
  78 001e 01F4      		brne .L4
 186:tmk_core/common/avr/bootloader.c ****             reset_key = 0;
  79               		.loc 1 186 0 is_stmt 1
  80 0020 1092 0000 		sts reset_key,__zero_reg__
  81 0024 1092 0000 		sts reset_key+1,__zero_reg__
  82 0028 1092 0000 		sts reset_key+2,__zero_reg__
  83 002c 1092 0000 		sts reset_key+3,__zero_reg__
 187:tmk_core/common/avr/bootloader.c **** 
 188:tmk_core/common/avr/bootloader.c ****             // My custom USBasploader requires this to come up.
 189:tmk_core/common/avr/bootloader.c ****             MCUSR = 0;
  84               		.loc 1 189 0
  85 0030 14BE      		out 0x34,__zero_reg__
 190:tmk_core/common/avr/bootloader.c **** 
 191:tmk_core/common/avr/bootloader.c ****             // Seems like Teensy halfkay loader requires clearing WDRF and disabling watchdog.
 192:tmk_core/common/avr/bootloader.c ****             MCUSR &= ~(1<<WDRF);
  86               		.loc 1 192 0
  87 0032 84B7      		in r24,0x34
  88 0034 877F      		andi r24,lo8(-9)
  89 0036 84BF      		out 0x34,r24
  90               	.LBB9:
  91               	.LBB10:
 426:/usr/lib/avr/include/avr/wdt.h **** 				"in __tmp_reg__,__SREG__" "\n\t"
 427:/usr/lib/avr/include/avr/wdt.h **** 				"cli" "\n\t"
 428:/usr/lib/avr/include/avr/wdt.h **** 				"wdr" "\n\t"
 429:/usr/lib/avr/include/avr/wdt.h **** 				"sts %0, %1" "\n\t"
 430:/usr/lib/avr/include/avr/wdt.h **** 				"out __SREG__,__tmp_reg__" "\n\t"
 431:/usr/lib/avr/include/avr/wdt.h **** 				"sts %0, %2" "\n \t"
 432:/usr/lib/avr/include/avr/wdt.h **** 				: /* no outputs */
 433:/usr/lib/avr/include/avr/wdt.h **** 				: "n" (_SFR_MEM_ADDR(_WD_CONTROL_REG)),
 434:/usr/lib/avr/include/avr/wdt.h **** 				"r" ((uint8_t)(_BV(_WD_CHANGE_BIT) | _BV(WDE))),
 435:/usr/lib/avr/include/avr/wdt.h **** 				"r" ((uint8_t) ((value & 0x08 ? _WD_PS3_MASK : 0x00) |
 436:/usr/lib/avr/include/avr/wdt.h **** 						_BV(WDE) | (value & 0x07)) )
 437:/usr/lib/avr/include/avr/wdt.h **** 				: "r0"
 438:/usr/lib/avr/include/avr/wdt.h **** 		);
 439:/usr/lib/avr/include/avr/wdt.h **** 	}
 440:/usr/lib/avr/include/avr/wdt.h **** }
 441:/usr/lib/avr/include/avr/wdt.h **** 
 442:/usr/lib/avr/include/avr/wdt.h **** static __inline__
 443:/usr/lib/avr/include/avr/wdt.h **** __attribute__ ((__always_inline__))
 444:/usr/lib/avr/include/avr/wdt.h **** void wdt_disable (void)
 445:/usr/lib/avr/include/avr/wdt.h **** {
 446:/usr/lib/avr/include/avr/wdt.h **** 	if (_SFR_IO_REG_P (_WD_CONTROL_REG))
 447:/usr/lib/avr/include/avr/wdt.h **** 	{
 448:/usr/lib/avr/include/avr/wdt.h ****         uint8_t register temp_reg;
 449:/usr/lib/avr/include/avr/wdt.h **** 		__asm__ __volatile__ (
 450:/usr/lib/avr/include/avr/wdt.h **** 				"in __tmp_reg__,__SREG__"    "\n\t"
 451:/usr/lib/avr/include/avr/wdt.h **** 				"cli"                        "\n\t"
 452:/usr/lib/avr/include/avr/wdt.h **** 				"wdr"                        "\n\t"
 453:/usr/lib/avr/include/avr/wdt.h **** 				"in  %[TEMPREG],%[WDTREG]"   "\n\t"
 454:/usr/lib/avr/include/avr/wdt.h **** 				"ori %[TEMPREG],%[WDCE_WDE]" "\n\t"
 455:/usr/lib/avr/include/avr/wdt.h **** 				"out %[WDTREG],%[TEMPREG]"   "\n\t"
 456:/usr/lib/avr/include/avr/wdt.h **** 				"out %[WDTREG],__zero_reg__" "\n\t"
 457:/usr/lib/avr/include/avr/wdt.h **** 				"out __SREG__,__tmp_reg__"   "\n\t"
 458:/usr/lib/avr/include/avr/wdt.h **** 				: [TEMPREG] "=d" (temp_reg)
 459:/usr/lib/avr/include/avr/wdt.h **** 				: [WDTREG]  "I"  (_SFR_IO_ADDR(_WD_CONTROL_REG)),
 460:/usr/lib/avr/include/avr/wdt.h **** 				[WDCE_WDE]  "n"  ((uint8_t)(_BV(_WD_CHANGE_BIT) | _BV(WDE)))
 461:/usr/lib/avr/include/avr/wdt.h **** 				: "r0"
 462:/usr/lib/avr/include/avr/wdt.h **** 		);
 463:/usr/lib/avr/include/avr/wdt.h **** 	}
 464:/usr/lib/avr/include/avr/wdt.h **** 	else
 465:/usr/lib/avr/include/avr/wdt.h **** 	{
 466:/usr/lib/avr/include/avr/wdt.h ****         uint8_t register temp_reg;
 467:/usr/lib/avr/include/avr/wdt.h **** 		__asm__ __volatile__ (
  92               		.loc 2 467 0
  93               	/* #APP */
  94               	 ;  467 "/usr/lib/avr/include/avr/wdt.h" 1
  95 0038 0FB6      		in __tmp_reg__,__SREG__
  96 003a F894      		cli
  97 003c A895      		wdr
  98 003e 8091 6000 		lds r24,96
  99 0042 8861      		ori r24,24
 100 0044 8093 6000 		sts 96,r24
 101 0048 1092 6000 		sts 96,__zero_reg__
 102 004c 0FBE      		out __SREG__,__tmp_reg__
 103               		
 104               	 ;  0 "" 2
 105               	.LVL2:
 106               	/* #NOAPP */
 107               	.LBE10:
 108               	.LBE9:
 193:tmk_core/common/avr/bootloader.c ****             wdt_disable();
 194:tmk_core/common/avr/bootloader.c **** 
 195:tmk_core/common/avr/bootloader.c **** 
 196:tmk_core/common/avr/bootloader.c ****             // This is compled into 'icall', address should be in word unit, not byte.
 197:tmk_core/common/avr/bootloader.c ****             #ifdef BOOTLOADER_SIZE
 198:tmk_core/common/avr/bootloader.c ****                 ((void (*)(void))( (FLASH_SIZE - BOOTLOADER_SIZE) >> 1))();
 109               		.loc 1 198 0
 110 004e E0E0      		ldi r30,0
 111 0050 F8E3      		ldi r31,lo8(56)
 112 0052 0995      		icall
 113               	.LVL3:
 114               	.L4:
 115               	/* epilogue start */
 199:tmk_core/common/avr/bootloader.c ****             #else
 200:tmk_core/common/avr/bootloader.c ****                 asm("ijmp" :: "z" (bootloader_start));
 201:tmk_core/common/avr/bootloader.c ****             #endif
 202:tmk_core/common/avr/bootloader.c ****         }
 203:tmk_core/common/avr/bootloader.c ****     #endif
 204:tmk_core/common/avr/bootloader.c **** }
 116               		.loc 1 204 0
 117               		.cfi_endproc
 118               	.LFE103:
 120               	.global	reset_key
 121               		.section	.noinit,"aw",@nobits
 124               	reset_key:
 125 0000 0000 0000 		.zero	4
 126               		.text
 127               	.Letext0:
 128               		.file 3 "/usr/lib/avr/include/stdint.h"
 129               		.file 4 "lib/lufa/LUFA/Drivers/USB/Core/USBTask.h"
DEFINED SYMBOLS
                            *ABS*:0000000000000000 bootloader.c
     /tmp/ccPcabd5.s:2      *ABS*:000000000000003e __SP_H__
     /tmp/ccPcabd5.s:3      *ABS*:000000000000003d __SP_L__
     /tmp/ccPcabd5.s:4      *ABS*:000000000000003f __SREG__
     /tmp/ccPcabd5.s:5      *ABS*:0000000000000000 __tmp_reg__
     /tmp/ccPcabd5.s:6      *ABS*:0000000000000001 __zero_reg__
     /tmp/ccPcabd5.s:13     .text.bootloader_jump:0000000000000000 bootloader_jump
     /tmp/ccPcabd5.s:57     .init3:0000000000000000 bootloader_jump_after_watchdog_reset
     /tmp/ccPcabd5.s:124    .noinit:0000000000000000 reset_key

NO UNDEFINED SYMBOLS
