   1               		.file	"split_util.c"
   2               	__SP_H__ = 0x3e
   3               	__SP_L__ = 0x3d
   4               	__SREG__ = 0x3f
   5               	__tmp_reg__ = 0
   6               	__zero_reg__ = 1
   7               		.text
   8               	.Ltext0:
   9               		.cfi_sections	.debug_frame
  10               		.section	.text.has_usb,"ax",@progbits
  11               	.global	has_usb
  13               	has_usb:
  14               	.LFB17:
  15               		.file 1 "keyboards/lily58/rev1/split_util.c"
   1:keyboards/lily58/rev1/split_util.c **** #include <avr/io.h>
   2:keyboards/lily58/rev1/split_util.c **** #include <avr/wdt.h>
   3:keyboards/lily58/rev1/split_util.c **** #include <avr/power.h>
   4:keyboards/lily58/rev1/split_util.c **** #include <avr/interrupt.h>
   5:keyboards/lily58/rev1/split_util.c **** #include <util/delay.h>
   6:keyboards/lily58/rev1/split_util.c **** #include <avr/eeprom.h>
   7:keyboards/lily58/rev1/split_util.c **** #include "split_util.h"
   8:keyboards/lily58/rev1/split_util.c **** #include "matrix.h"
   9:keyboards/lily58/rev1/split_util.c **** #include "keyboard.h"
  10:keyboards/lily58/rev1/split_util.c **** 
  11:keyboards/lily58/rev1/split_util.c **** #ifdef USE_MATRIX_I2C
  12:keyboards/lily58/rev1/split_util.c **** #  include "i2c.h"
  13:keyboards/lily58/rev1/split_util.c **** #else
  14:keyboards/lily58/rev1/split_util.c **** #  include "split_scomm.h"
  15:keyboards/lily58/rev1/split_util.c **** #endif
  16:keyboards/lily58/rev1/split_util.c **** 
  17:keyboards/lily58/rev1/split_util.c **** volatile bool isLeftHand = true;
  18:keyboards/lily58/rev1/split_util.c **** 
  19:keyboards/lily58/rev1/split_util.c **** static void setup_handedness(void) {
  20:keyboards/lily58/rev1/split_util.c ****   #ifdef EE_HANDS
  21:keyboards/lily58/rev1/split_util.c ****     isLeftHand = eeprom_read_byte(EECONFIG_HANDEDNESS);
  22:keyboards/lily58/rev1/split_util.c ****   #else
  23:keyboards/lily58/rev1/split_util.c ****     // I2C_MASTER_RIGHT is deprecated, use MASTER_RIGHT instead, since this works for both serial a
  24:keyboards/lily58/rev1/split_util.c ****     #if defined(I2C_MASTER_RIGHT) || defined(MASTER_RIGHT)
  25:keyboards/lily58/rev1/split_util.c ****       isLeftHand = !has_usb();
  26:keyboards/lily58/rev1/split_util.c ****     #else
  27:keyboards/lily58/rev1/split_util.c ****       isLeftHand = has_usb();
  28:keyboards/lily58/rev1/split_util.c ****     #endif
  29:keyboards/lily58/rev1/split_util.c ****   #endif
  30:keyboards/lily58/rev1/split_util.c **** }
  31:keyboards/lily58/rev1/split_util.c **** 
  32:keyboards/lily58/rev1/split_util.c **** static void keyboard_master_setup(void) {
  33:keyboards/lily58/rev1/split_util.c **** 
  34:keyboards/lily58/rev1/split_util.c **** #ifdef USE_MATRIX_I2C
  35:keyboards/lily58/rev1/split_util.c ****     i2c_master_init();
  36:keyboards/lily58/rev1/split_util.c **** #else
  37:keyboards/lily58/rev1/split_util.c ****     serial_master_init();
  38:keyboards/lily58/rev1/split_util.c **** #endif
  39:keyboards/lily58/rev1/split_util.c **** }
  40:keyboards/lily58/rev1/split_util.c **** 
  41:keyboards/lily58/rev1/split_util.c **** static void keyboard_slave_setup(void) {
  42:keyboards/lily58/rev1/split_util.c **** 
  43:keyboards/lily58/rev1/split_util.c **** #ifdef USE_MATRIX_I2C
  44:keyboards/lily58/rev1/split_util.c ****     i2c_slave_init(SLAVE_I2C_ADDRESS);
  45:keyboards/lily58/rev1/split_util.c **** #else
  46:keyboards/lily58/rev1/split_util.c ****     serial_slave_init();
  47:keyboards/lily58/rev1/split_util.c **** #endif
  48:keyboards/lily58/rev1/split_util.c **** }
  49:keyboards/lily58/rev1/split_util.c **** 
  50:keyboards/lily58/rev1/split_util.c **** bool has_usb(void) {
  16               		.loc 1 50 0
  17               		.cfi_startproc
  18               	/* prologue: function */
  19               	/* frame size = 0 */
  20               	/* stack size = 0 */
  21               	.L__stack_usage = 0
  51:keyboards/lily58/rev1/split_util.c ****    USBCON |= (1 << OTGPADE); //enables VBUS pad
  22               		.loc 1 51 0
  23 0000 E8ED      		ldi r30,lo8(-40)
  24 0002 F0E0      		ldi r31,0
  25 0004 8081      		ld r24,Z
  26 0006 8061      		ori r24,lo8(16)
  27 0008 8083      		st Z,r24
  28               	.LVL0:
  29               	.LBB4:
  30               	.LBB5:
  31               		.file 2 "/usr/lib/avr/include/util/delay.h"
   1:/usr/lib/avr/include/util/delay.h **** /* Copyright (c) 2002, Marek Michalkiewicz
   2:/usr/lib/avr/include/util/delay.h ****    Copyright (c) 2004,2005,2007 Joerg Wunsch
   3:/usr/lib/avr/include/util/delay.h ****    Copyright (c) 2007  Florin-Viorel Petrov
   4:/usr/lib/avr/include/util/delay.h ****    All rights reserved.
   5:/usr/lib/avr/include/util/delay.h **** 
   6:/usr/lib/avr/include/util/delay.h ****    Redistribution and use in source and binary forms, with or without
   7:/usr/lib/avr/include/util/delay.h ****    modification, are permitted provided that the following conditions are met:
   8:/usr/lib/avr/include/util/delay.h **** 
   9:/usr/lib/avr/include/util/delay.h ****    * Redistributions of source code must retain the above copyright
  10:/usr/lib/avr/include/util/delay.h ****      notice, this list of conditions and the following disclaimer.
  11:/usr/lib/avr/include/util/delay.h **** 
  12:/usr/lib/avr/include/util/delay.h ****    * Redistributions in binary form must reproduce the above copyright
  13:/usr/lib/avr/include/util/delay.h ****      notice, this list of conditions and the following disclaimer in
  14:/usr/lib/avr/include/util/delay.h ****      the documentation and/or other materials provided with the
  15:/usr/lib/avr/include/util/delay.h ****      distribution.
  16:/usr/lib/avr/include/util/delay.h **** 
  17:/usr/lib/avr/include/util/delay.h ****    * Neither the name of the copyright holders nor the names of
  18:/usr/lib/avr/include/util/delay.h ****      contributors may be used to endorse or promote products derived
  19:/usr/lib/avr/include/util/delay.h ****      from this software without specific prior written permission.
  20:/usr/lib/avr/include/util/delay.h **** 
  21:/usr/lib/avr/include/util/delay.h ****   THIS SOFTWARE IS PROVIDED BY THE COPYRIGHT HOLDERS AND CONTRIBUTORS "AS IS"
  22:/usr/lib/avr/include/util/delay.h ****   AND ANY EXPRESS OR IMPLIED WARRANTIES, INCLUDING, BUT NOT LIMITED TO, THE
  23:/usr/lib/avr/include/util/delay.h ****   IMPLIED WARRANTIES OF MERCHANTABILITY AND FITNESS FOR A PARTICULAR PURPOSE
  24:/usr/lib/avr/include/util/delay.h ****   ARE DISCLAIMED. IN NO EVENT SHALL THE COPYRIGHT OWNER OR CONTRIBUTORS BE
  25:/usr/lib/avr/include/util/delay.h ****   LIABLE FOR ANY DIRECT, INDIRECT, INCIDENTAL, SPECIAL, EXEMPLARY, OR
  26:/usr/lib/avr/include/util/delay.h ****   CONSEQUENTIAL DAMAGES (INCLUDING, BUT NOT LIMITED TO, PROCUREMENT OF
  27:/usr/lib/avr/include/util/delay.h ****   SUBSTITUTE GOODS OR SERVICES; LOSS OF USE, DATA, OR PROFITS; OR BUSINESS
  28:/usr/lib/avr/include/util/delay.h ****   INTERRUPTION) HOWEVER CAUSED AND ON ANY THEORY OF LIABILITY, WHETHER IN
  29:/usr/lib/avr/include/util/delay.h ****   CONTRACT, STRICT LIABILITY, OR TORT (INCLUDING NEGLIGENCE OR OTHERWISE)
  30:/usr/lib/avr/include/util/delay.h ****   ARISING IN ANY WAY OUT OF THE USE OF THIS SOFTWARE, EVEN IF ADVISED OF THE
  31:/usr/lib/avr/include/util/delay.h ****   POSSIBILITY OF SUCH DAMAGE. */
  32:/usr/lib/avr/include/util/delay.h **** 
  33:/usr/lib/avr/include/util/delay.h **** /* $Id$ */
  34:/usr/lib/avr/include/util/delay.h **** 
  35:/usr/lib/avr/include/util/delay.h **** #ifndef _UTIL_DELAY_H_
  36:/usr/lib/avr/include/util/delay.h **** #define _UTIL_DELAY_H_ 1
  37:/usr/lib/avr/include/util/delay.h **** 
  38:/usr/lib/avr/include/util/delay.h **** #ifndef __HAS_DELAY_CYCLES
  39:/usr/lib/avr/include/util/delay.h **** #define __HAS_DELAY_CYCLES 1
  40:/usr/lib/avr/include/util/delay.h **** #endif
  41:/usr/lib/avr/include/util/delay.h **** 
  42:/usr/lib/avr/include/util/delay.h **** #include <inttypes.h>
  43:/usr/lib/avr/include/util/delay.h **** #include <util/delay_basic.h>
  44:/usr/lib/avr/include/util/delay.h **** #include <math.h>
  45:/usr/lib/avr/include/util/delay.h **** 
  46:/usr/lib/avr/include/util/delay.h **** /** \file */
  47:/usr/lib/avr/include/util/delay.h **** /** \defgroup util_delay <util/delay.h>: Convenience functions for busy-wait delay loops
  48:/usr/lib/avr/include/util/delay.h ****     \code
  49:/usr/lib/avr/include/util/delay.h ****     #define F_CPU 1000000UL  // 1 MHz
  50:/usr/lib/avr/include/util/delay.h ****     //#define F_CPU 14.7456E6
  51:/usr/lib/avr/include/util/delay.h ****     #include <util/delay.h>
  52:/usr/lib/avr/include/util/delay.h ****     \endcode
  53:/usr/lib/avr/include/util/delay.h **** 
  54:/usr/lib/avr/include/util/delay.h ****     \note As an alternative method, it is possible to pass the
  55:/usr/lib/avr/include/util/delay.h ****     F_CPU macro down to the compiler from the Makefile.
  56:/usr/lib/avr/include/util/delay.h ****     Obviously, in that case, no \c \#define statement should be
  57:/usr/lib/avr/include/util/delay.h ****     used.
  58:/usr/lib/avr/include/util/delay.h **** 
  59:/usr/lib/avr/include/util/delay.h ****     The functions in this header file are wrappers around the basic
  60:/usr/lib/avr/include/util/delay.h ****     busy-wait functions from <util/delay_basic.h>.  They are meant as
  61:/usr/lib/avr/include/util/delay.h ****     convenience functions where actual time values can be specified
  62:/usr/lib/avr/include/util/delay.h ****     rather than a number of cycles to wait for.  The idea behind is
  63:/usr/lib/avr/include/util/delay.h ****     that compile-time constant expressions will be eliminated by
  64:/usr/lib/avr/include/util/delay.h ****     compiler optimization so floating-point expressions can be used
  65:/usr/lib/avr/include/util/delay.h ****     to calculate the number of delay cycles needed based on the CPU
  66:/usr/lib/avr/include/util/delay.h ****     frequency passed by the macro F_CPU.
  67:/usr/lib/avr/include/util/delay.h **** 
  68:/usr/lib/avr/include/util/delay.h ****     \note In order for these functions to work as intended, compiler
  69:/usr/lib/avr/include/util/delay.h ****     optimizations <em>must</em> be enabled, and the delay time
  70:/usr/lib/avr/include/util/delay.h ****     <em>must</em> be an expression that is a known constant at
  71:/usr/lib/avr/include/util/delay.h ****     compile-time.  If these requirements are not met, the resulting
  72:/usr/lib/avr/include/util/delay.h ****     delay will be much longer (and basically unpredictable), and
  73:/usr/lib/avr/include/util/delay.h ****     applications that otherwise do not use floating-point calculations
  74:/usr/lib/avr/include/util/delay.h ****     will experience severe code bloat by the floating-point library
  75:/usr/lib/avr/include/util/delay.h ****     routines linked into the application.
  76:/usr/lib/avr/include/util/delay.h **** 
  77:/usr/lib/avr/include/util/delay.h ****     The functions available allow the specification of microsecond, and
  78:/usr/lib/avr/include/util/delay.h ****     millisecond delays directly, using the application-supplied macro
  79:/usr/lib/avr/include/util/delay.h ****     F_CPU as the CPU clock frequency (in Hertz).
  80:/usr/lib/avr/include/util/delay.h **** 
  81:/usr/lib/avr/include/util/delay.h **** */
  82:/usr/lib/avr/include/util/delay.h **** 
  83:/usr/lib/avr/include/util/delay.h **** #if !defined(__DOXYGEN__)
  84:/usr/lib/avr/include/util/delay.h **** static inline void _delay_us(double __us) __attribute__((always_inline));
  85:/usr/lib/avr/include/util/delay.h **** static inline void _delay_ms(double __ms) __attribute__((always_inline));
  86:/usr/lib/avr/include/util/delay.h **** #endif
  87:/usr/lib/avr/include/util/delay.h **** 
  88:/usr/lib/avr/include/util/delay.h **** #ifndef F_CPU
  89:/usr/lib/avr/include/util/delay.h **** /* prevent compiler error by supplying a default */
  90:/usr/lib/avr/include/util/delay.h **** # warning "F_CPU not defined for <util/delay.h>"
  91:/usr/lib/avr/include/util/delay.h **** # define F_CPU 1000000UL
  92:/usr/lib/avr/include/util/delay.h **** #endif
  93:/usr/lib/avr/include/util/delay.h **** 
  94:/usr/lib/avr/include/util/delay.h **** #ifndef __OPTIMIZE__
  95:/usr/lib/avr/include/util/delay.h **** # warning "Compiler optimizations disabled; functions from <util/delay.h> won't work as designed"
  96:/usr/lib/avr/include/util/delay.h **** #endif
  97:/usr/lib/avr/include/util/delay.h **** 
  98:/usr/lib/avr/include/util/delay.h **** #if __HAS_DELAY_CYCLES && defined(__OPTIMIZE__) && \
  99:/usr/lib/avr/include/util/delay.h ****   !defined(__DELAY_BACKWARD_COMPATIBLE__) &&	   \
 100:/usr/lib/avr/include/util/delay.h ****   __STDC_HOSTED__
 101:/usr/lib/avr/include/util/delay.h **** #  include <math.h>
 102:/usr/lib/avr/include/util/delay.h **** #endif
 103:/usr/lib/avr/include/util/delay.h **** 
 104:/usr/lib/avr/include/util/delay.h **** /**
 105:/usr/lib/avr/include/util/delay.h ****    \ingroup util_delay
 106:/usr/lib/avr/include/util/delay.h **** 
 107:/usr/lib/avr/include/util/delay.h ****    Perform a delay of \c __ms milliseconds, using _delay_loop_2().
 108:/usr/lib/avr/include/util/delay.h **** 
 109:/usr/lib/avr/include/util/delay.h ****    The macro F_CPU is supposed to be defined to a
 110:/usr/lib/avr/include/util/delay.h ****    constant defining the CPU clock frequency (in Hertz).
 111:/usr/lib/avr/include/util/delay.h **** 
 112:/usr/lib/avr/include/util/delay.h ****    The maximal possible delay is 262.14 ms / F_CPU in MHz.
 113:/usr/lib/avr/include/util/delay.h **** 
 114:/usr/lib/avr/include/util/delay.h ****    When the user request delay which exceed the maximum possible one,
 115:/usr/lib/avr/include/util/delay.h ****    _delay_ms() provides a decreased resolution functionality. In this
 116:/usr/lib/avr/include/util/delay.h ****    mode _delay_ms() will work with a resolution of 1/10 ms, providing
 117:/usr/lib/avr/include/util/delay.h ****    delays up to 6.5535 seconds (independent from CPU frequency).  The
 118:/usr/lib/avr/include/util/delay.h ****    user will not be informed about decreased resolution.
 119:/usr/lib/avr/include/util/delay.h **** 
 120:/usr/lib/avr/include/util/delay.h ****    If the avr-gcc toolchain has __builtin_avr_delay_cycles(unsigned long)
 121:/usr/lib/avr/include/util/delay.h ****    support, maximal possible delay is 4294967.295 ms/ F_CPU in MHz. For
 122:/usr/lib/avr/include/util/delay.h ****    values greater than the maximal possible delay, overflows results in
 123:/usr/lib/avr/include/util/delay.h ****    no delay i.e., 0ms.
 124:/usr/lib/avr/include/util/delay.h **** 
 125:/usr/lib/avr/include/util/delay.h ****    Conversion of __us into clock cycles may not always result in integer.
 126:/usr/lib/avr/include/util/delay.h ****    By default, the clock cycles rounded up to next integer. This ensures that
 127:/usr/lib/avr/include/util/delay.h ****    the user gets atleast __us microseconds of delay.
 128:/usr/lib/avr/include/util/delay.h **** 
 129:/usr/lib/avr/include/util/delay.h ****    Alternatively, user can define __DELAY_ROUND_DOWN__ and __DELAY_ROUND_CLOSEST__
 130:/usr/lib/avr/include/util/delay.h ****    to round down and round to closest integer.
 131:/usr/lib/avr/include/util/delay.h **** 
 132:/usr/lib/avr/include/util/delay.h ****    Note: The new implementation of _delay_ms(double __ms) with 
 133:/usr/lib/avr/include/util/delay.h ****     __builtin_avr_delay_cycles(unsigned long) support is not backward compatible. 
 134:/usr/lib/avr/include/util/delay.h ****    User can define __DELAY_BACKWARD_COMPATIBLE__ to get a backward compatible delay.
 135:/usr/lib/avr/include/util/delay.h ****    Also, the backward compatible
 136:/usr/lib/avr/include/util/delay.h ****    algorithm will be chosen if the code is compiled in a <em>freestanding
 137:/usr/lib/avr/include/util/delay.h ****    environment</em> (GCC option \c -ffreestanding), as the math functions
 138:/usr/lib/avr/include/util/delay.h ****    required for rounding are not available to the compiler then.
 139:/usr/lib/avr/include/util/delay.h **** 
 140:/usr/lib/avr/include/util/delay.h ****  */
 141:/usr/lib/avr/include/util/delay.h **** void
 142:/usr/lib/avr/include/util/delay.h **** _delay_ms(double __ms)
 143:/usr/lib/avr/include/util/delay.h **** {
 144:/usr/lib/avr/include/util/delay.h **** 	double __tmp ; 
 145:/usr/lib/avr/include/util/delay.h **** #if __HAS_DELAY_CYCLES && defined(__OPTIMIZE__) && \
 146:/usr/lib/avr/include/util/delay.h ****   !defined(__DELAY_BACKWARD_COMPATIBLE__) &&	   \
 147:/usr/lib/avr/include/util/delay.h ****   __STDC_HOSTED__
 148:/usr/lib/avr/include/util/delay.h **** 	uint32_t __ticks_dc;
 149:/usr/lib/avr/include/util/delay.h **** 	extern void __builtin_avr_delay_cycles(unsigned long);
 150:/usr/lib/avr/include/util/delay.h **** 	__tmp = ((F_CPU) / 1e3) * __ms;
 151:/usr/lib/avr/include/util/delay.h **** 
 152:/usr/lib/avr/include/util/delay.h **** 	#if defined(__DELAY_ROUND_DOWN__)
 153:/usr/lib/avr/include/util/delay.h **** 		__ticks_dc = (uint32_t)fabs(__tmp);
 154:/usr/lib/avr/include/util/delay.h **** 
 155:/usr/lib/avr/include/util/delay.h **** 	#elif defined(__DELAY_ROUND_CLOSEST__)
 156:/usr/lib/avr/include/util/delay.h **** 		__ticks_dc = (uint32_t)(fabs(__tmp)+0.5);
 157:/usr/lib/avr/include/util/delay.h **** 
 158:/usr/lib/avr/include/util/delay.h **** 	#else
 159:/usr/lib/avr/include/util/delay.h **** 		//round up by default
 160:/usr/lib/avr/include/util/delay.h **** 		__ticks_dc = (uint32_t)(ceil(fabs(__tmp)));
 161:/usr/lib/avr/include/util/delay.h **** 	#endif
 162:/usr/lib/avr/include/util/delay.h **** 
 163:/usr/lib/avr/include/util/delay.h **** 	__builtin_avr_delay_cycles(__ticks_dc);
 164:/usr/lib/avr/include/util/delay.h **** 
 165:/usr/lib/avr/include/util/delay.h **** #else
 166:/usr/lib/avr/include/util/delay.h **** 	uint16_t __ticks;
 167:/usr/lib/avr/include/util/delay.h **** 	__tmp = ((F_CPU) / 4e3) * __ms;
 168:/usr/lib/avr/include/util/delay.h **** 	if (__tmp < 1.0)
 169:/usr/lib/avr/include/util/delay.h **** 		__ticks = 1;
 170:/usr/lib/avr/include/util/delay.h **** 	else if (__tmp > 65535)
 171:/usr/lib/avr/include/util/delay.h **** 	{
 172:/usr/lib/avr/include/util/delay.h **** 		//	__ticks = requested delay in 1/10 ms
 173:/usr/lib/avr/include/util/delay.h **** 		__ticks = (uint16_t) (__ms * 10.0);
 174:/usr/lib/avr/include/util/delay.h **** 		while(__ticks)
 175:/usr/lib/avr/include/util/delay.h **** 		{
 176:/usr/lib/avr/include/util/delay.h **** 			// wait 1/10 ms
 177:/usr/lib/avr/include/util/delay.h **** 			_delay_loop_2(((F_CPU) / 4e3) / 10);
 178:/usr/lib/avr/include/util/delay.h **** 			__ticks --;
 179:/usr/lib/avr/include/util/delay.h **** 		}
 180:/usr/lib/avr/include/util/delay.h **** 		return;
 181:/usr/lib/avr/include/util/delay.h **** 	}
 182:/usr/lib/avr/include/util/delay.h **** 	else
 183:/usr/lib/avr/include/util/delay.h **** 		__ticks = (uint16_t)__tmp;
 184:/usr/lib/avr/include/util/delay.h **** 	_delay_loop_2(__ticks);
 185:/usr/lib/avr/include/util/delay.h **** #endif
 186:/usr/lib/avr/include/util/delay.h **** }
 187:/usr/lib/avr/include/util/delay.h **** 
 188:/usr/lib/avr/include/util/delay.h **** /**
 189:/usr/lib/avr/include/util/delay.h ****    \ingroup util_delay
 190:/usr/lib/avr/include/util/delay.h **** 
 191:/usr/lib/avr/include/util/delay.h ****    Perform a delay of \c __us microseconds, using _delay_loop_1().
 192:/usr/lib/avr/include/util/delay.h **** 
 193:/usr/lib/avr/include/util/delay.h ****    The macro F_CPU is supposed to be defined to a
 194:/usr/lib/avr/include/util/delay.h ****    constant defining the CPU clock frequency (in Hertz).
 195:/usr/lib/avr/include/util/delay.h **** 
 196:/usr/lib/avr/include/util/delay.h ****    The maximal possible delay is 768 us / F_CPU in MHz.
 197:/usr/lib/avr/include/util/delay.h **** 
 198:/usr/lib/avr/include/util/delay.h ****    If the user requests a delay greater than the maximal possible one,
 199:/usr/lib/avr/include/util/delay.h ****    _delay_us() will automatically call _delay_ms() instead.  The user
 200:/usr/lib/avr/include/util/delay.h ****    will not be informed about this case.
 201:/usr/lib/avr/include/util/delay.h **** 
 202:/usr/lib/avr/include/util/delay.h ****    If the avr-gcc toolchain has __builtin_avr_delay_cycles(unsigned long)
 203:/usr/lib/avr/include/util/delay.h ****    support, maximal possible delay is 4294967.295 us/ F_CPU in MHz. For
 204:/usr/lib/avr/include/util/delay.h ****    values greater than the maximal possible delay, overflow results in
 205:/usr/lib/avr/include/util/delay.h ****    no delay i.e., 0us.
 206:/usr/lib/avr/include/util/delay.h ****   
 207:/usr/lib/avr/include/util/delay.h ****    Conversion of __us into clock cycles may not always result in integer.
 208:/usr/lib/avr/include/util/delay.h ****    By default, the clock cycles rounded up to next integer. This ensures that
 209:/usr/lib/avr/include/util/delay.h ****    the user gets atleast __us microseconds of delay.
 210:/usr/lib/avr/include/util/delay.h **** 
 211:/usr/lib/avr/include/util/delay.h ****    Alternatively, user can define __DELAY_ROUND_DOWN__ and __DELAY_ROUND_CLOSEST__
 212:/usr/lib/avr/include/util/delay.h ****    to round down and round to closest integer.
 213:/usr/lib/avr/include/util/delay.h ****  
 214:/usr/lib/avr/include/util/delay.h ****    Note: The new implementation of _delay_us(double __us) with 
 215:/usr/lib/avr/include/util/delay.h ****     __builtin_avr_delay_cycles(unsigned long) support is not backward compatible.
 216:/usr/lib/avr/include/util/delay.h ****    User can define __DELAY_BACKWARD_COMPATIBLE__ to get a backward compatible delay.
 217:/usr/lib/avr/include/util/delay.h ****    Also, the backward compatible
 218:/usr/lib/avr/include/util/delay.h ****    algorithm will be chosen if the code is compiled in a <em>freestanding
 219:/usr/lib/avr/include/util/delay.h ****    environment</em> (GCC option \c -ffreestanding), as the math functions
 220:/usr/lib/avr/include/util/delay.h ****    required for rounding are not available to the compiler then.
 221:/usr/lib/avr/include/util/delay.h **** 
 222:/usr/lib/avr/include/util/delay.h ****  */
 223:/usr/lib/avr/include/util/delay.h **** void
 224:/usr/lib/avr/include/util/delay.h **** _delay_us(double __us)
 225:/usr/lib/avr/include/util/delay.h **** {
 226:/usr/lib/avr/include/util/delay.h **** 	double __tmp ; 
 227:/usr/lib/avr/include/util/delay.h **** #if __HAS_DELAY_CYCLES && defined(__OPTIMIZE__) && \
 228:/usr/lib/avr/include/util/delay.h ****   !defined(__DELAY_BACKWARD_COMPATIBLE__) &&	   \
 229:/usr/lib/avr/include/util/delay.h ****   __STDC_HOSTED__
 230:/usr/lib/avr/include/util/delay.h **** 	uint32_t __ticks_dc;
 231:/usr/lib/avr/include/util/delay.h **** 	extern void __builtin_avr_delay_cycles(unsigned long);
 232:/usr/lib/avr/include/util/delay.h **** 	__tmp = ((F_CPU) / 1e6) * __us;
 233:/usr/lib/avr/include/util/delay.h **** 
 234:/usr/lib/avr/include/util/delay.h **** 	#if defined(__DELAY_ROUND_DOWN__)
 235:/usr/lib/avr/include/util/delay.h **** 		__ticks_dc = (uint32_t)fabs(__tmp);
 236:/usr/lib/avr/include/util/delay.h **** 
 237:/usr/lib/avr/include/util/delay.h **** 	#elif defined(__DELAY_ROUND_CLOSEST__)
 238:/usr/lib/avr/include/util/delay.h **** 		__ticks_dc = (uint32_t)(fabs(__tmp)+0.5);
 239:/usr/lib/avr/include/util/delay.h **** 
 240:/usr/lib/avr/include/util/delay.h **** 	#else
 241:/usr/lib/avr/include/util/delay.h **** 		//round up by default
 242:/usr/lib/avr/include/util/delay.h **** 		__ticks_dc = (uint32_t)(ceil(fabs(__tmp)));
 243:/usr/lib/avr/include/util/delay.h **** 	#endif
 244:/usr/lib/avr/include/util/delay.h **** 
 245:/usr/lib/avr/include/util/delay.h **** 	__builtin_avr_delay_cycles(__ticks_dc);
  32               		.loc 2 245 0
  33 000a 8AE1      		ldi r24,lo8(26)
  34 000c 8A95      	1:	dec r24
  35 000e 01F4      		brne 1b
  36 0010 00C0      		rjmp .
  37               	.LBE5:
  38               	.LBE4:
  52:keyboards/lily58/rev1/split_util.c ****    _delay_us(5);
  53:keyboards/lily58/rev1/split_util.c ****    return (USBSTA & (1<<VBUS));  //checks state of VBUS
  39               		.loc 1 53 0
  40 0012 8091 D900 		lds r24,217
  54:keyboards/lily58/rev1/split_util.c **** }
  41               		.loc 1 54 0
  42 0016 8170      		andi r24,lo8(1)
  43 0018 0895      		ret
  44               		.cfi_endproc
  45               	.LFE17:
  47               		.section	.text.split_keyboard_setup,"ax",@progbits
  48               	.global	split_keyboard_setup
  50               	split_keyboard_setup:
  51               	.LFB18:
  55:keyboards/lily58/rev1/split_util.c **** 
  56:keyboards/lily58/rev1/split_util.c **** void split_keyboard_setup(void) {
  52               		.loc 1 56 0
  53               		.cfi_startproc
  54               	/* prologue: function */
  55               	/* frame size = 0 */
  56               	/* stack size = 0 */
  57               	.L__stack_usage = 0
  58               	.LBB12:
  59               	.LBB13:
  27:keyboards/lily58/rev1/split_util.c ****     #endif
  60               		.loc 1 27 0
  61 0000 0E94 0000 		call has_usb
  62               	.LVL1:
  63 0004 8093 0000 		sts isLeftHand,r24
  64               	.LBE13:
  65               	.LBE12:
  57:keyboards/lily58/rev1/split_util.c ****    setup_handedness();
  58:keyboards/lily58/rev1/split_util.c **** 
  59:keyboards/lily58/rev1/split_util.c ****    if (has_usb()) {
  66               		.loc 1 59 0
  67 0008 0E94 0000 		call has_usb
  68               	.LVL2:
  69 000c 8823      		tst r24
  70 000e 01F0      		breq .L3
  71               	.LBB14:
  72               	.LBB15:
  37:keyboards/lily58/rev1/split_util.c **** #endif
  73               		.loc 1 37 0
  74 0010 0E94 0000 		call serial_master_init
  75               	.LVL3:
  76 0014 00C0      		rjmp .L4
  77               	.L3:
  78               	.LBE15:
  79               	.LBE14:
  80               	.LBB16:
  81               	.LBB17:
  46:keyboards/lily58/rev1/split_util.c **** #endif
  82               		.loc 1 46 0
  83 0016 0E94 0000 		call serial_slave_init
  84               	.LVL4:
  85               	.L4:
  86               	.LBE17:
  87               	.LBE16:
  60:keyboards/lily58/rev1/split_util.c ****       keyboard_master_setup();
  61:keyboards/lily58/rev1/split_util.c ****    } else {
  62:keyboards/lily58/rev1/split_util.c ****       keyboard_slave_setup();
  63:keyboards/lily58/rev1/split_util.c ****    }
  64:keyboards/lily58/rev1/split_util.c ****    sei();
  88               		.loc 1 64 0
  89               	/* #APP */
  90               	 ;  64 "keyboards/lily58/rev1/split_util.c" 1
  91 001a 7894      		sei
  92               	 ;  0 "" 2
  93               	/* #NOAPP */
  94 001c 0895      		ret
  95               		.cfi_endproc
  96               	.LFE18:
  98               		.section	.text.matrix_setup,"ax",@progbits
  99               	.global	matrix_setup
 101               	matrix_setup:
 102               	.LFB19:
  65:keyboards/lily58/rev1/split_util.c **** }
  66:keyboards/lily58/rev1/split_util.c **** 
  67:keyboards/lily58/rev1/split_util.c **** // this code runs before the usb and keyboard is initialized
  68:keyboards/lily58/rev1/split_util.c **** void matrix_setup(void) {
 103               		.loc 1 68 0
 104               		.cfi_startproc
 105               	/* prologue: function */
 106               	/* frame size = 0 */
 107               	/* stack size = 0 */
 108               	.L__stack_usage = 0
  69:keyboards/lily58/rev1/split_util.c ****     split_keyboard_setup();
 109               		.loc 1 69 0
 110 0000 0C94 0000 		jmp split_keyboard_setup
 111               	.LVL5:
 112               		.cfi_endproc
 113               	.LFE19:
 115               	.global	isLeftHand
 116               		.section	.data.isLeftHand,"aw",@progbits
 119               	isLeftHand:
 120 0000 01        		.byte	1
 121               		.text
 122               	.Letext0:
 123               		.file 3 "/usr/lib/avr/include/stdint.h"
 124               		.file 4 "keyboards/lily58/rev1/split_scomm.h"
DEFINED SYMBOLS
                            *ABS*:0000000000000000 split_util.c
     /tmp/cc2G5XMq.s:2      *ABS*:000000000000003e __SP_H__
     /tmp/cc2G5XMq.s:3      *ABS*:000000000000003d __SP_L__
     /tmp/cc2G5XMq.s:4      *ABS*:000000000000003f __SREG__
     /tmp/cc2G5XMq.s:5      *ABS*:0000000000000000 __tmp_reg__
     /tmp/cc2G5XMq.s:6      *ABS*:0000000000000001 __zero_reg__
     /tmp/cc2G5XMq.s:13     .text.has_usb:0000000000000000 has_usb
     /tmp/cc2G5XMq.s:50     .text.split_keyboard_setup:0000000000000000 split_keyboard_setup
     /tmp/cc2G5XMq.s:119    .data.isLeftHand:0000000000000000 isLeftHand
     /tmp/cc2G5XMq.s:101    .text.matrix_setup:0000000000000000 matrix_setup

UNDEFINED SYMBOLS
serial_master_init
serial_slave_init
__do_copy_data
